Archive member included to satisfy reference by file (symbol)

C:/ST/STM32CubeIDE_1.13.2/STM32CubeIDE/plugins/com.st.stm32cube.ide.mcu.externaltools.gnu-tools-for-stm32.11.3.rel1.win32_1.1.1.202309131626/tools/bin/../lib/gcc/arm-none-eabi/11.3.1/../../../../arm-none-eabi/lib/thumb/v7e-m+fp/hard\libc_nano.a(libc_a-exit.o)
                              C:/ST/STM32CubeIDE_1.13.2/STM32CubeIDE/plugins/com.st.stm32cube.ide.mcu.externaltools.gnu-tools-for-stm32.11.3.rel1.win32_1.1.1.202309131626/tools/bin/../lib/gcc/arm-none-eabi/11.3.1/../../../../arm-none-eabi/lib/thumb/v7e-m+fp/hard/crt0.o (exit)
C:/ST/STM32CubeIDE_1.13.2/STM32CubeIDE/plugins/com.st.stm32cube.ide.mcu.externaltools.gnu-tools-for-stm32.11.3.rel1.win32_1.1.1.202309131626/tools/bin/../lib/gcc/arm-none-eabi/11.3.1/../../../../arm-none-eabi/lib/thumb/v7e-m+fp/hard\libc_nano.a(libc_a-malloc.o)
                              ./Middlewares/ST/STM32_USB_Host_Library/Class/MSC/Src/usbh_msc.o (malloc)
C:/ST/STM32CubeIDE_1.13.2/STM32CubeIDE/plugins/com.st.stm32cube.ide.mcu.externaltools.gnu-tools-for-stm32.11.3.rel1.win32_1.1.1.202309131626/tools/bin/../lib/gcc/arm-none-eabi/11.3.1/../../../../arm-none-eabi/lib/thumb/v7e-m+fp/hard\libc_nano.a(libc_a-mallocr.o)
                              C:/ST/STM32CubeIDE_1.13.2/STM32CubeIDE/plugins/com.st.stm32cube.ide.mcu.externaltools.gnu-tools-for-stm32.11.3.rel1.win32_1.1.1.202309131626/tools/bin/../lib/gcc/arm-none-eabi/11.3.1/../../../../arm-none-eabi/lib/thumb/v7e-m+fp/hard\libc_nano.a(libc_a-malloc.o) (_malloc_r)
C:/ST/STM32CubeIDE_1.13.2/STM32CubeIDE/plugins/com.st.stm32cube.ide.mcu.externaltools.gnu-tools-for-stm32.11.3.rel1.win32_1.1.1.202309131626/tools/bin/../lib/gcc/arm-none-eabi/11.3.1/../../../../arm-none-eabi/lib/thumb/v7e-m+fp/hard\libc_nano.a(libc_a-mlock.o)
                              C:/ST/STM32CubeIDE_1.13.2/STM32CubeIDE/plugins/com.st.stm32cube.ide.mcu.externaltools.gnu-tools-for-stm32.11.3.rel1.win32_1.1.1.202309131626/tools/bin/../lib/gcc/arm-none-eabi/11.3.1/../../../../arm-none-eabi/lib/thumb/v7e-m+fp/hard\libc_nano.a(libc_a-mallocr.o) (__malloc_lock)
C:/ST/STM32CubeIDE_1.13.2/STM32CubeIDE/plugins/com.st.stm32cube.ide.mcu.externaltools.gnu-tools-for-stm32.11.3.rel1.win32_1.1.1.202309131626/tools/bin/../lib/gcc/arm-none-eabi/11.3.1/../../../../arm-none-eabi/lib/thumb/v7e-m+fp/hard\libc_nano.a(libc_a-findfp.o)
                              C:/ST/STM32CubeIDE_1.13.2/STM32CubeIDE/plugins/com.st.stm32cube.ide.mcu.externaltools.gnu-tools-for-stm32.11.3.rel1.win32_1.1.1.202309131626/tools/bin/../lib/gcc/arm-none-eabi/11.3.1/../../../../arm-none-eabi/lib/thumb/v7e-m+fp/hard\libc_nano.a(libc_a-exit.o) (__stdio_exit_handler)
C:/ST/STM32CubeIDE_1.13.2/STM32CubeIDE/plugins/com.st.stm32cube.ide.mcu.externaltools.gnu-tools-for-stm32.11.3.rel1.win32_1.1.1.202309131626/tools/bin/../lib/gcc/arm-none-eabi/11.3.1/../../../../arm-none-eabi/lib/thumb/v7e-m+fp/hard\libc_nano.a(libc_a-fwalk.o)
                              C:/ST/STM32CubeIDE_1.13.2/STM32CubeIDE/plugins/com.st.stm32cube.ide.mcu.externaltools.gnu-tools-for-stm32.11.3.rel1.win32_1.1.1.202309131626/tools/bin/../lib/gcc/arm-none-eabi/11.3.1/../../../../arm-none-eabi/lib/thumb/v7e-m+fp/hard\libc_nano.a(libc_a-findfp.o) (_fwalk_sglue)
C:/ST/STM32CubeIDE_1.13.2/STM32CubeIDE/plugins/com.st.stm32cube.ide.mcu.externaltools.gnu-tools-for-stm32.11.3.rel1.win32_1.1.1.202309131626/tools/bin/../lib/gcc/arm-none-eabi/11.3.1/../../../../arm-none-eabi/lib/thumb/v7e-m+fp/hard\libc_nano.a(libc_a-stdio.o)
                              C:/ST/STM32CubeIDE_1.13.2/STM32CubeIDE/plugins/com.st.stm32cube.ide.mcu.externaltools.gnu-tools-for-stm32.11.3.rel1.win32_1.1.1.202309131626/tools/bin/../lib/gcc/arm-none-eabi/11.3.1/../../../../arm-none-eabi/lib/thumb/v7e-m+fp/hard\libc_nano.a(libc_a-findfp.o) (__sread)
C:/ST/STM32CubeIDE_1.13.2/STM32CubeIDE/plugins/com.st.stm32cube.ide.mcu.externaltools.gnu-tools-for-stm32.11.3.rel1.win32_1.1.1.202309131626/tools/bin/../lib/gcc/arm-none-eabi/11.3.1/../../../../arm-none-eabi/lib/thumb/v7e-m+fp/hard\libc_nano.a(libc_a-memset.o)
                              C:/ST/STM32CubeIDE_1.13.2/STM32CubeIDE/plugins/com.st.stm32cube.ide.mcu.externaltools.gnu-tools-for-stm32.11.3.rel1.win32_1.1.1.202309131626/tools/bin/../lib/gcc/arm-none-eabi/11.3.1/../../../../arm-none-eabi/lib/thumb/v7e-m+fp/hard/crt0.o (memset)
C:/ST/STM32CubeIDE_1.13.2/STM32CubeIDE/plugins/com.st.stm32cube.ide.mcu.externaltools.gnu-tools-for-stm32.11.3.rel1.win32_1.1.1.202309131626/tools/bin/../lib/gcc/arm-none-eabi/11.3.1/../../../../arm-none-eabi/lib/thumb/v7e-m+fp/hard\libc_nano.a(libc_a-strncpy.o)
                              ./Core/Src/File_Handling.o (strncpy)
C:/ST/STM32CubeIDE_1.13.2/STM32CubeIDE/plugins/com.st.stm32cube.ide.mcu.externaltools.gnu-tools-for-stm32.11.3.rel1.win32_1.1.1.202309131626/tools/bin/../lib/gcc/arm-none-eabi/11.3.1/../../../../arm-none-eabi/lib/thumb/v7e-m+fp/hard\libc_nano.a(libc_a-strstr.o)
[...]
Memory Configuration

Name             Origin             Length             Attributes
RAM              0x0000000020000000 0x0000000000020000 xrw
FLASH            0x0000000008000000 0x0000000000080000 xr
*default*        0x0000000000000000 0xffffffffffffffff

Linker script and memory map

LOAD C:/ST/STM32CubeIDE_1.13.2/STM32CubeIDE/plugins/com.st.stm32cube.ide.mcu.externaltools.gnu-tools-for-stm32.11.3.rel1.win32_1.1.1.202309131626/tools/bin/../lib/gcc/arm-none-eabi/11.3.1/thumb/v7e-m+fp/hard/crti.o
LOAD C:/ST/STM32CubeIDE_1.13.2/STM32CubeIDE/plugins/com.st.stm32cube.ide.mcu.externaltools.gnu-tools-for-stm32.11.3.rel1.win32_1.1.1.202309131626/tools/bin/../lib/gcc/arm-none-eabi/11.3.1/thumb/v7e-m+fp/hard/crtbegin.o
LOAD C:/ST/STM32CubeIDE_1.13.2/STM32CubeIDE/plugins/com.st.stm32cube.ide.mcu.externaltools.gnu-tools-for-stm32.11.3.rel1.win32_1.1.1.202309131626/tools/bin/../lib/gcc/arm-none-eabi/11.3.1/../../../../arm-none-eabi/lib/thumb/v7e-m+fp/hard/crt0.o
LOAD ./Core/Src/AUDIO.o
LOAD ./Core/Src/AUDIO_LINK.o
LOAD ./Core/Src/File_Handling.o
LOAD ./Core/Src/cs43l22.o
LOAD ./Core/Src/main.o
LOAD ./Core/Src/stm32f4xx_hal_msp.o
LOAD ./Core/Src/stm32f4xx_it.o
LOAD ./Core/Src/syscalls.o
LOAD ./Core/Src/sysmem.o
LOAD ./Core/Src/system_stm32f4xx.o
LOAD ./Core/Src/waveplayer.o
LOAD ./Core/Startup/startup_stm32f411vetx.o
LOAD ./Drivers/STM32F4xx_HAL_Driver/Src/stm32f4xx_hal.o
LOAD ./Drivers/STM32F4xx_HAL_Driver/Src/stm32f4xx_hal_cortex.o
LOAD ./Drivers/STM32F4xx_HAL_Driver/Src/stm32f4xx_hal_dma.o
LOAD ./Drivers/STM32F4xx_HAL_Driver/Src/stm32f4xx_hal_dma_ex.o
LOAD ./Drivers/STM32F4xx_HAL_Driver/Src/stm32f4xx_hal_exti.o
LOAD ./Drivers/STM32F4xx_HAL_Driver/Src/stm32f4xx_hal_flash.o
LOAD ./Drivers/STM32F4xx_HAL_Driver/Src/stm32f4xx_hal_flash_ex.o
LOAD ./Drivers/STM32F4xx_HAL_Driver/Src/stm32f4xx_hal_flash_ramfunc.o
LOAD ./Drivers/STM32F4xx_HAL_Driver/Src/stm32f4xx_hal_gpio.o
LOAD ./Drivers/STM32F4xx_HAL_Driver/Src/stm32f4xx_hal_hcd.o
LOAD ./Drivers/STM32F4xx_HAL_Driver/Src/stm32f4xx_hal_i2c.o
LOAD ./Drivers/STM32F4xx_HAL_Driver/Src/stm32f4xx_hal_i2c_ex.o
LOAD ./Drivers/STM32F4xx_HAL_Driver/Src/stm32f4xx_hal_i2s.o
LOAD ./Drivers/STM32F4xx_HAL_Driver/Src/stm32f4xx_hal_i2s_ex.o
LOAD ./Drivers/STM32F4xx_HAL_Driver/Src/stm32f4xx_hal_pwr.o
LOAD ./Drivers/STM32F4xx_HAL_Driver/Src/stm32f4xx_hal_pwr_ex.o
LOAD ./Drivers/STM32F4xx_HAL_Driver/Src/stm32f4xx_hal_rcc.o
LOAD ./Drivers/STM32F4xx_HAL_Driver/Src/stm32f4xx_hal_rcc_ex.o
LOAD ./Drivers/STM32F4xx_HAL_Driver/Src/stm32f4xx_hal_tim.o
LOAD ./Drivers/STM32F4xx_HAL_Driver/Src/stm32f4xx_hal_tim_ex.o
LOAD ./Drivers/STM32F4xx_HAL_Driver/Src/stm32f4xx_ll_usb.o
LOAD ./FATFS/App/fatfs.o
LOAD ./FATFS/Target/usbh_diskio.o
LOAD ./Middlewares/ST/STM32_USB_Host_Library/Class/MSC/Src/usbh_msc.o
LOAD ./Middlewares/ST/STM32_USB_Host_Library/Class/MSC/Src/usbh_msc_bot.o
LOAD ./Middlewares/ST/STM32_USB_Host_Library/Class/MSC/Src/usbh_msc_scsi.o
LOAD ./Middlewares/ST/STM32_USB_Host_Library/Core/Src/usbh_core.o
LOAD ./Middlewares/ST/STM32_USB_Host_Library/Core/Src/usbh_ctlreq.o
LOAD ./Middlewares/ST/STM32_USB_Host_Library/Core/Src/usbh_ioreq.o
LOAD ./Middlewares/ST/STM32_USB_Host_Library/Core/Src/usbh_pipes.o
LOAD ./Middlewares/Third_Party/FatFs/src/diskio.o
LOAD ./Middlewares/Third_Party/FatFs/src/ff.o
LOAD ./Middlewares/Third_Party/FatFs/src/ff_gen_drv.o
LOAD ./Middlewares/Third_Party/FatFs/src/option/ccsbcs.o
LOAD ./Middlewares/Third_Party/FatFs/src/option/syscall.o
LOAD ./USB_HOST/App/usb_host.o
LOAD ./USB_HOST/Target/usbh_conf.o
LOAD ./USB_HOST/Target/usbh_platform.o
START GROUP
LOAD C:/ST/STM32CubeIDE_1.13.2/STM32CubeIDE/plugins/com.st.stm32cube.ide.mcu.externaltools.gnu-tools-for-stm32.11.3.rel1.win32_1.1.1.202309131626/tools/bin/../lib/gcc/arm-none-eabi/11.3.1/../../../../arm-none-eabi/lib/thumb/v7e-m+fp/hard\libc_nano.a
LOAD C:/ST/STM32CubeIDE_1.13.2/STM32CubeIDE/plugins/com.st.stm32cube.ide.mcu.externaltools.gnu-tools-for-stm32.11.3.rel1.win32_1.1.1.202309131626/tools/bin/../lib/gcc/arm-none-eabi/11.3.1/../../../../arm-none-eabi/lib/thumb/v7e-m+fp/hard\libm.a
END GROUP
START GROUP
LOAD C:/ST/STM32CubeIDE_1.13.2/STM32CubeIDE/plugins/com.st.stm32cube.ide.mcu.externaltools.gnu-tools-for-stm32.11.3.rel1.win32_1.1.1.202309131626/tools/bin/../lib/gcc/arm-none-eabi/11.3.1/thumb/v7e-m+fp/hard\libgcc.a
LOAD C:/ST/STM32CubeIDE_1.13.2/STM32CubeIDE/plugins/com.st.stm32cube.ide.mcu.externaltools.gnu-tools-for-stm32.11.3.rel1.win32_1.1.1.202309131626/tools/bin/../lib/gcc/arm-none-eabi/11.3.1/../../../../arm-none-eabi/lib/thumb/v7e-m+fp/hard\libc_nano.a
END GROUP
START GROUP
LOAD C:/ST/STM32CubeIDE_1.13.2/STM32CubeIDE/plugins/com.st.stm32cube.ide.mcu.externaltools.gnu-tools-for-stm32.11.3.rel1.win32_1.1.1.202309131626/tools/bin/../lib/gcc/arm-none-eabi/11.3.1/thumb/v7e-m+fp/hard\libgcc.a
LOAD C:/ST/STM32CubeIDE_1.13.2/STM32CubeIDE/plugins/com.st.stm32cube.ide.mcu.externaltools.gnu-tools-for-stm32.11.3.rel1.win32_1.1.1.202309131626/tools/bin/../lib/gcc/arm-none-eabi/11.3.1/../../../../arm-none-eabi/lib/thumb/v7e-m+fp/hard\libc_nano.a
LOAD C:/ST/STM32CubeIDE_1.13.2/STM32CubeIDE/plugins/com.st.stm32cube.ide.mcu.externaltools.gnu-tools-for-stm32.11.3.rel1.win32_1.1.1.202309131626/tools/bin/../lib/gcc/arm-none-eabi/11.3.1/../../../../arm-none-eabi/lib/thumb/v7e-m+fp/hard\libnosys.a
END GROUP
START GROUP
LOAD C:/ST/STM32CubeIDE_1.13.2/STM32CubeIDE/plugins/com.st.stm32cube.ide.mcu.externaltools.gnu-tools-for-stm32.11.3.rel1.win32_1.1.1.202309131626/tools/bin/../lib/gcc/arm-none-eabi/11.3.1/thumb/v7e-m+fp/hard\libgcc.a
LOAD C:/ST/STM32CubeIDE_1.13.2/STM32CubeIDE/plugins/com.st.stm32cube.ide.mcu.externaltools.gnu-tools-for-stm32.11.3.rel1.win32_1.1.1.202309131626/tools/bin/../lib/gcc/arm-none-eabi/11.3.1/../../../../arm-none-eabi/lib/thumb/v7e-m+fp/hard\libc_nano.a
LOAD C:/ST/STM32CubeIDE_1.13.2/STM32CubeIDE/plugins/com.st.stm32cube.ide.mcu.externaltools.gnu-tools-for-stm32.11.3.rel1.win32_1.1.1.202309131626/tools/bin/../lib/gcc/arm-none-eabi/11.3.1/../../../../arm-none-eabi/lib/thumb/v7e-m+fp/hard\libnosys.a
END GROUP
LOAD C:/ST/STM32CubeIDE_1.13.2/STM32CubeIDE/plugins/com.st.stm32cube.ide.mcu.externaltools.gnu-tools-for-stm32.11.3.rel1.win32_1.1.1.202309131626/tools/bin/../lib/gcc/arm-none-eabi/11.3.1/thumb/v7e-m+fp/hard/crtend.o
LOAD C:/ST/STM32CubeIDE_1.13.2/STM32CubeIDE/plugins/com.st.stm32cube.ide.mcu.externaltools.gnu-tools-for-stm32.11.3.rel1.win32_1.1.1.202309131626/tools/bin/../lib/gcc/arm-none-eabi/11.3.1/thumb/v7e-m+fp/hard/crtn.o
                0x0000000020020000                _estack = (ORIGIN (RAM) + LENGTH (RAM))
                0x0000000000000200                _Min_Heap_Size = 0x200
                0x0000000000000400                _Min_Stack_Size = 0x400

.isr_vector     0x0000000008000000      0x198
                0x0000000008000000                . = ALIGN (0x4)
 *(.isr_vector)
 .isr_vector    0x0000000008000000      0x198 ./Core/Startup/startup_stm32f411vetx.o
                0x0000000008000000                g_pfnVectors
                0x0000000008000198                . = ALIGN (0x4)

.text           0x0000000008000198     0xf580
                0x0000000008000198                . = ALIGN (0x4)
 *(.text)
 .text          0x0000000008000198       0x40 C:/ST/STM32CubeIDE_1.13.2/STM32CubeIDE/plugins/com.st.stm32cube.ide.mcu.externaltools.gnu-tools-for-stm32.11.3.rel1.win32_1.1.1.202309131626/tools/bin/../lib/gcc/arm-none-eabi/11.3.1/thumb/v7e-m+fp/hard/crtbegin.o
 .text          0x00000000080001d8       0x30 C:/ST/STM32CubeIDE_1.13.2/STM32CubeIDE/plugins/com.st.stm32cube.ide.mcu.externaltools.gnu-tools-for-stm32.11.3.rel1.win32_1.1.1.202309131626/tools/bin/../lib/gcc/arm-none-eabi/11.3.1/thumb/v7e-m+fp/hard\libgcc.a(_aeabi_uldivmod.o)
                0x00000000080001d8                __aeabi_uldivmod
 .text          0x0000000008000208      0x2c8 C:/ST/STM32CubeIDE_1.13.2/STM32CubeIDE/plugins/com.st.stm32cube.ide.mcu.externaltools.gnu-tools-for-stm32.11.3.rel1.win32_1.1.1.202309131626/tools/bin/../lib/gcc/arm-none-eabi/11.3.1/thumb/v7e-m+fp/hard\libgcc.a(_udivmoddi4.o)
                0x0000000008000208                __udivmoddi4
 .text          0x00000000080004d0        0x4 C:/ST/STM32CubeIDE_1.13.2/STM32CubeIDE/plugins/com.st.stm32cube.ide.mcu.externaltools.gnu-tools-for-stm32.11.3.rel1.win32_1.1.1.202309131626/tools/bin/../lib/gcc/arm-none-eabi/11.3.1/thumb/v7e-m+fp/hard\libgcc.a(_dvmd_tls.o)
                0x00000000080004d0                __aeabi_idiv0
                0x00000000080004d0                __aeabi_ldiv0
 *(.text*)
 .text.AUDIO_OUT_Init
                0x00000000080004d4       0x9c ./Core/Src/AUDIO.o
                0x00000000080004d4                AUDIO_OUT_Init
 .text.AUDIO_OUT_Play
                0x0000000008000570       0x54 ./Core/Src/AUDIO.o
                0x0000000008000570                AUDIO_OUT_Play
 .text.AUDIO_OUT_Pause
                0x00000000080005c4       0x2c ./Core/Src/AUDIO.o
                0x00000000080005c4                AUDIO_OUT_Pause
 .text.AUDIO_OUT_Resume
                0x00000000080005f0       0x2c ./Core/Src/AUDIO.o
                0x00000000080005f0                AUDIO_OUT_Resume
 .text.AUDIO_OUT_Stop
                0x000000000800061c       0x50 ./Core/Src/AUDIO.o
                0x000000000800061c                AUDIO_OUT_Stop
 .text.AUDIO_OUT_SetVolume
                0x000000000800066c       0x30 ./Core/Src/AUDIO.o
                0x000000000800066c                AUDIO_OUT_SetVolume
 .text.HAL_I2S_TxCpltCallback
                0x000000000800069c       0x24 ./Core/Src/AUDIO.o
                0x000000000800069c                HAL_I2S_TxCpltCallback
 .text.HAL_I2S_TxHalfCpltCallback
                0x00000000080006c0       0x24 ./Core/Src/AUDIO.o
                0x00000000080006c0                HAL_I2S_TxHalfCpltCallback
 .text.AUDIO_OUT_ClockConfig
                0x00000000080006e4       0xbc ./Core/Src/AUDIO.o
                0x00000000080006e4                AUDIO_OUT_ClockConfig
 .text.AUDIO_OUT_MspInit
                0x00000000080007a0      0x180 ./Core/Src/AUDIO.o
                0x00000000080007a0                AUDIO_OUT_MspInit
 .text.AUDIO_OUT_Error_CallBack
                0x0000000008000920        0xe ./Core/Src/AUDIO.o
                0x0000000008000920                AUDIO_OUT_Error_CallBack
 *fill*         0x000000000800092e        0x2 
 .text.I2S3_Init
                0x0000000008000930       0x70 ./Core/Src/AUDIO.o
 .text.HAL_I2S_ErrorCallback
                0x00000000080009a0       0x24 ./Core/Src/AUDIO.o
                0x00000000080009a0                HAL_I2S_ErrorCallback
 .text.I2Cx_Init
                0x00000000080009c4       0x64 ./Core/Src/AUDIO_LINK.o
 .text.I2Cx_WriteData
                0x0000000008000a28       0x50 ./Core/Src/AUDIO_LINK.o
 .text.I2Cx_ReadData
                0x0000000008000a78       0x58 ./Core/Src/AUDIO_LINK.o
 .text.I2Cx_Error
                0x0000000008000ad0       0x18 ./Core/Src/AUDIO_LINK.o
 .text.I2Cx_MspInit
                0x0000000008000ae8       0xac ./Core/Src/AUDIO_LINK.o
 .text.AUDIO_IO_Init
                0x0000000008000b94       0x70 ./Core/Src/AUDIO_LINK.o
                0x0000000008000b94                AUDIO_IO_Init
 .text.AUDIO_IO_DeInit
                0x0000000008000c04        0xe ./Core/Src/AUDIO_LINK.o
                0x0000000008000c04                AUDIO_IO_DeInit
 .text.AUDIO_IO_Write
                0x0000000008000c12       0x28 ./Core/Src/AUDIO_LINK.o
                0x0000000008000c12                AUDIO_IO_Write
 .text.AUDIO_IO_Read
                0x0000000008000c3a       0x28 ./Core/Src/AUDIO_LINK.o
                0x0000000008000c3a                AUDIO_IO_Read
 *fill*         0x0000000008000c62        0x2 
 .text.AUDIO_StorageParse
                0x0000000008000c64      0x13c ./Core/Src/File_Handling.o
                0x0000000008000c64                AUDIO_StorageParse
 .text.AUDIO_GetWavObjectNumber
                0x0000000008000da0       0x1c ./Core/Src/File_Handling.o
                0x0000000008000da0                AUDIO_GetWavObjectNumber
 .text.Mount_USB
                0x0000000008000dbc       0x28 ./Core/Src/File_Handling.o
                0x0000000008000dbc                Mount_USB
 .text.cs43l22_Init
                0x0000000008000de4      0x1c8 ./Core/Src/cs43l22.o
                0x0000000008000de4                cs43l22_Init
 .text.cs43l22_DeInit
                0x0000000008000fac        0xc ./Core/Src/cs43l22.o
                0x0000000008000fac                cs43l22_DeInit
 .text.cs43l22_ReadID
                0x0000000008000fb8       0x30 ./Core/Src/cs43l22.o
                0x0000000008000fb8                cs43l22_ReadID
 .text.cs43l22_Play
                0x0000000008000fe8       0x74 ./Core/Src/cs43l22.o
                0x0000000008000fe8                cs43l22_Play
 .text.cs43l22_Pause
                0x000000000800105c       0x42 ./Core/Src/cs43l22.o
                0x000000000800105c                cs43l22_Pause
 *fill*         0x000000000800109e        0x2 
 .text.cs43l22_Resume
                0x00000000080010a0       0x78 ./Core/Src/cs43l22.o
                0x00000000080010a0                cs43l22_Resume
 .text.cs43l22_Stop
                0x0000000008001118       0x68 ./Core/Src/cs43l22.o
                0x0000000008001118                cs43l22_Stop
 .text.cs43l22_SetVolume
                0x0000000008001180       0xbc ./Core/Src/cs43l22.o
                0x0000000008001180                cs43l22_SetVolume
 .text.cs43l22_SetFrequency
                0x000000000800123c       0x1a ./Core/Src/cs43l22.o
                0x000000000800123c                cs43l22_SetFrequency
 *fill*         0x0000000008001256        0x2 
 .text.cs43l22_SetMute
                0x0000000008001258       0xbc ./Core/Src/cs43l22.o
                0x0000000008001258                cs43l22_SetMute
 .text.cs43l22_SetOutputMode
                0x0000000008001314       0xe4 ./Core/Src/cs43l22.o
                0x0000000008001314                cs43l22_SetOutputMode
 .text.cs43l22_Reset
                0x00000000080013f8       0x18 ./Core/Src/cs43l22.o
                0x00000000080013f8                cs43l22_Reset
 .text.CODEC_IO_Write
                0x0000000008001410       0x2e ./Core/Src/cs43l22.o
 *fill*         0x000000000800143e        0x2 
 .text.HAL_GPIO_EXTI_Callback
                0x0000000008001440       0x28 ./Core/Src/main.o
                0x0000000008001440                HAL_GPIO_EXTI_Callback
 .text.main     0x0000000008001468       0x68 ./Core/Src/main.o
                0x0000000008001468                main
 .text.SystemClock_Config
                0x00000000080014d0       0xd0 ./Core/Src/main.o
                0x00000000080014d0                SystemClock_Config
 .text.MX_I2C1_Init
                0x00000000080015a0       0x5c ./Core/Src/main.o
 .text.MX_I2S3_Init
                0x00000000080015fc       0x5c ./Core/Src/main.o
 .text.MX_DMA_Init
                0x0000000008001658       0x40 ./Core/Src/main.o
 .text.MX_GPIO_Init
                0x0000000008001698       0xec ./Core/Src/main.o
 .text.Error_Handler
                0x0000000008001784        0xa ./Core/Src/main.o
                0x0000000008001784                Error_Handler
 *fill*         0x000000000800178e        0x2 
 .text.HAL_MspInit
                0x0000000008001790       0x50 ./Core/Src/stm32f4xx_hal_msp.o
                0x0000000008001790                HAL_MspInit
 .text.HAL_I2C_MspInit
                0x00000000080017e0       0x90 ./Core/Src/stm32f4xx_hal_msp.o
                0x00000000080017e0                HAL_I2C_MspInit
 .text.HAL_I2C_MspDeInit
                0x0000000008001870       0x44 ./Core/Src/stm32f4xx_hal_msp.o
                0x0000000008001870                HAL_I2C_MspDeInit
 .text.HAL_I2S_MspInit
                0x00000000080018b4      0x184 ./Core/Src/stm32f4xx_hal_msp.o
                0x00000000080018b4                HAL_I2S_MspInit
 .text.NMI_Handler
                0x0000000008001a38        0x6 ./Core/Src/stm32f4xx_it.o
                0x0000000008001a38                NMI_Handler
 .text.HardFault_Handler
                0x0000000008001a3e        0x6 ./Core/Src/stm32f4xx_it.o
                0x0000000008001a3e                HardFault_Handler
 .text.MemManage_Handler
                0x0000000008001a44        0x6 ./Core/Src/stm32f4xx_it.o
                0x0000000008001a44                MemManage_Handler
 .text.BusFault_Handler
                0x0000000008001a4a        0x6 ./Core/Src/stm32f4xx_it.o
                0x0000000008001a4a                BusFault_Handler
 .text.UsageFault_Handler
                0x0000000008001a50        0x6 ./Core/Src/stm32f4xx_it.o
                0x0000000008001a50                UsageFault_Handler
 .text.SVC_Handler
                0x0000000008001a56        0xe ./Core/Src/stm32f4xx_it.o
                0x0000000008001a56                SVC_Handler
 .text.DebugMon_Handler
                0x0000000008001a64        0xe ./Core/Src/stm32f4xx_it.o
                0x0000000008001a64                DebugMon_Handler
 .text.PendSV_Handler
                0x0000000008001a72        0xe ./Core/Src/stm32f4xx_it.o
                0x0000000008001a72                PendSV_Handler
 .text.SysTick_Handler
                0x0000000008001a80        0xc ./Core/Src/stm32f4xx_it.o
                0x0000000008001a80                SysTick_Handler
 .text.EXTI0_IRQHandler
                0x0000000008001a8c        0xe ./Core/Src/stm32f4xx_it.o
                0x0000000008001a8c                EXTI0_IRQHandler
 *fill*         0x0000000008001a9a        0x2 
 .text.DMA1_Stream5_IRQHandler
                0x0000000008001a9c       0x14 ./Core/Src/stm32f4xx_it.o
                0x0000000008001a9c                DMA1_Stream5_IRQHandler
 .text.OTG_FS_IRQHandler
                0x0000000008001ab0       0x14 ./Core/Src/stm32f4xx_it.o
                0x0000000008001ab0                OTG_FS_IRQHandler
 .text._sbrk    0x0000000008001ac4       0x6c ./Core/Src/sysmem.o
                0x0000000008001ac4                _sbrk
 .text.SystemInit
                0x0000000008001b30       0x24 ./Core/Src/system_stm32f4xx.o
                0x0000000008001b30                SystemInit
 .text.PlayerInit
                0x0000000008001b54       0x30 ./Core/Src/waveplayer.o
                0x0000000008001b54                PlayerInit
 .text.AUDIO_PLAYER_Start
                0x0000000008001b84       0xc0 ./Core/Src/waveplayer.o
                0x0000000008001b84                AUDIO_PLAYER_Start
 .text.AUDIO_PLAYER_Process
                0x0000000008001c44      0x234 ./Core/Src/waveplayer.o
                0x0000000008001c44                AUDIO_PLAYER_Process
 .text.AUDIO_OUT_TransferComplete_CallBack
                0x0000000008001e78       0x28 ./Core/Src/waveplayer.o
                0x0000000008001e78                AUDIO_OUT_TransferComplete_CallBack
 .text.AUDIO_OUT_HalfTransfer_CallBack
                0x0000000008001ea0       0x28 ./Core/Src/waveplayer.o
                0x0000000008001ea0                AUDIO_OUT_HalfTransfer_CallBack
 .text.Reset_Handler
                0x0000000008001ec8       0x50 ./Core/Startup/startup_stm32f411vetx.o
                0x0000000008001ec8                Reset_Handler
 .text.Default_Handler
                0x0000000008001f18        0x2 ./Core/Startup/startup_stm32f411vetx.o
                0x0000000008001f18                RTC_Alarm_IRQHandler
                0x0000000008001f18                EXTI2_IRQHandler
                0x0000000008001f18                SPI4_IRQHandler
                0x0000000008001f18                TIM1_CC_IRQHandler
                0x0000000008001f18                DMA2_Stream5_IRQHandler
                0x0000000008001f18                PVD_IRQHandler
                0x0000000008001f18                SDIO_IRQHandler
                0x0000000008001f18                TAMP_STAMP_IRQHandler
                0x0000000008001f18                EXTI3_IRQHandler
                0x0000000008001f18                TIM1_UP_TIM10_IRQHandler
                0x0000000008001f18                I2C3_ER_IRQHandler
                0x0000000008001f18                I2C2_EV_IRQHandler
                0x0000000008001f18                DMA1_Stream2_IRQHandler
                0x0000000008001f18                FPU_IRQHandler
                0x0000000008001f18                DMA2_Stream2_IRQHandler
                0x0000000008001f18                SPI1_IRQHandler
                0x0000000008001f18                TIM1_BRK_TIM9_IRQHandler
                0x0000000008001f18                DMA2_Stream3_IRQHandler
                0x0000000008001f18                USART6_IRQHandler
                0x0000000008001f18                DMA2_Stream0_IRQHandler
                0x0000000008001f18                TIM4_IRQHandler
                0x0000000008001f18                I2C1_EV_IRQHandler
                0x0000000008001f18                DMA1_Stream6_IRQHandler
                0x0000000008001f18                DMA1_Stream1_IRQHandler
                0x0000000008001f18                TIM3_IRQHandler
                0x0000000008001f18                RCC_IRQHandler
                0x0000000008001f18                Default_Handler
                0x0000000008001f18                EXTI15_10_IRQHandler
                0x0000000008001f18                ADC_IRQHandler
                0x0000000008001f18                DMA1_Stream7_IRQHandler
                0x0000000008001f18                SPI5_IRQHandler
                0x0000000008001f18                TIM5_IRQHandler
                0x0000000008001f18                DMA2_Stream7_IRQHandler
                0x0000000008001f18                I2C3_EV_IRQHandler
                0x0000000008001f18                EXTI9_5_IRQHandler
                0x0000000008001f18                RTC_WKUP_IRQHandler
                0x0000000008001f18                SPI2_IRQHandler
                0x0000000008001f18                DMA1_Stream0_IRQHandler
                0x0000000008001f18                EXTI4_IRQHandler
                0x0000000008001f18                WWDG_IRQHandler
                0x0000000008001f18                TIM2_IRQHandler
                0x0000000008001f18                OTG_FS_WKUP_IRQHandler
                0x0000000008001f18                TIM1_TRG_COM_TIM11_IRQHandler
                0x0000000008001f18                EXTI1_IRQHandler
                0x0000000008001f18                USART2_IRQHandler
                0x0000000008001f18                I2C2_ER_IRQHandler
                0x0000000008001f18                DMA2_Stream1_IRQHandler
                0x0000000008001f18                FLASH_IRQHandler
                0x0000000008001f18                DMA2_Stream4_IRQHandler
                0x0000000008001f18                USART1_IRQHandler
                0x0000000008001f18                SPI3_IRQHandler
                0x0000000008001f18                DMA1_Stream4_IRQHandler
                0x0000000008001f18                I2C1_ER_IRQHandler
                0x0000000008001f18                DMA2_Stream6_IRQHandler
                0x0000000008001f18                DMA1_Stream3_IRQHandler
 *fill*         0x0000000008001f1a        0x2 
 .text.HAL_Init
                0x0000000008001f1c       0x44 ./Drivers/STM32F4xx_HAL_Driver/Src/stm32f4xx_hal.o
                0x0000000008001f1c                HAL_Init
 .text.HAL_InitTick
                0x0000000008001f60       0x60 ./Drivers/STM32F4xx_HAL_Driver/Src/stm32f4xx_hal.o
                0x0000000008001f60                HAL_InitTick
 .text.HAL_IncTick
                0x0000000008001fc0       0x28 ./Drivers/STM32F4xx_HAL_Driver/Src/stm32f4xx_hal.o
                0x0000000008001fc0                HAL_IncTick
 .text.HAL_GetTick
                0x0000000008001fe8       0x18 ./Drivers/STM32F4xx_HAL_Driver/Src/stm32f4xx_hal.o
                0x0000000008001fe8                HAL_GetTick
 .text.HAL_Delay
                0x0000000008002000       0x48 ./Drivers/STM32F4xx_HAL_Driver/Src/stm32f4xx_hal.o
                0x0000000008002000                HAL_Delay
 .text.__NVIC_SetPriorityGrouping
                0x0000000008002048       0x48 ./Drivers/STM32F4xx_HAL_Driver/Src/stm32f4xx_hal_cortex.o
 .text.__NVIC_GetPriorityGrouping
                0x0000000008002090       0x1c ./Drivers/STM32F4xx_HAL_Driver/Src/stm32f4xx_hal_cortex.o
 .text.__NVIC_EnableIRQ
                0x00000000080020ac       0x3c ./Drivers/STM32F4xx_HAL_Driver/Src/stm32f4xx_hal_cortex.o
 .text.__NVIC_SetPriority
                0x00000000080020e8       0x54 ./Drivers/STM32F4xx_HAL_Driver/Src/stm32f4xx_hal_cortex.o
 .text.NVIC_EncodePriority
                0x000000000800213c       0x66 ./Drivers/STM32F4xx_HAL_Driver/Src/stm32f4xx_hal_cortex.o
 *fill*         0x00000000080021a2        0x2 
 .text.SysTick_Config
                0x00000000080021a4       0x44 ./Drivers/STM32F4xx_HAL_Driver/Src/stm32f4xx_hal_cortex.o
 .text.HAL_NVIC_SetPriorityGrouping
                0x00000000080021e8       0x16 ./Drivers/STM32F4xx_HAL_Driver/Src/stm32f4xx_hal_cortex.o
                0x00000000080021e8                HAL_NVIC_SetPriorityGrouping
 .text.HAL_NVIC_SetPriority
                0x00000000080021fe       0x38 ./Drivers/STM32F4xx_HAL_Driver/Src/stm32f4xx_hal_cortex.o
                0x00000000080021fe                HAL_NVIC_SetPriority
 .text.HAL_NVIC_EnableIRQ
                0x0000000008002236       0x1c ./Drivers/STM32F4xx_HAL_Driver/Src/stm32f4xx_hal_cortex.o
                0x0000000008002236                HAL_NVIC_EnableIRQ
 .text.HAL_SYSTICK_Config
                0x0000000008002252       0x18 ./Drivers/STM32F4xx_HAL_Driver/Src/stm32f4xx_hal_cortex.o
                0x0000000008002252                HAL_SYSTICK_Config
 *fill*         0x000000000800226a        0x2 
 .text.HAL_DMA_Init
                0x000000000800226c      0x15c ./Drivers/STM32F4xx_HAL_Driver/Src/stm32f4xx_hal_dma.o
                0x000000000800226c                HAL_DMA_Init
 .text.HAL_DMA_DeInit
                0x00000000080023c8       0xbc ./Drivers/STM32F4xx_HAL_Driver/Src/stm32f4xx_hal_dma.o
                0x00000000080023c8                HAL_DMA_DeInit
 .text.HAL_DMA_Start_IT
                0x0000000008002484       0xb0 ./Drivers/STM32F4xx_HAL_Driver/Src/stm32f4xx_hal_dma.o
                0x0000000008002484                HAL_DMA_Start_IT
 .text.HAL_DMA_Abort
                0x0000000008002534       0xe0 ./Drivers/STM32F4xx_HAL_Driver/Src/stm32f4xx_hal_dma.o
                0x0000000008002534                HAL_DMA_Abort
 .text.HAL_DMA_IRQHandler
                0x0000000008002614      0x314 ./Drivers/STM32F4xx_HAL_Driver/Src/stm32f4xx_hal_dma.o
                0x0000000008002614                HAL_DMA_IRQHandler
 .text.DMA_SetConfig
                0x0000000008002928       0x5c ./Drivers/STM32F4xx_HAL_Driver/Src/stm32f4xx_hal_dma.o
 .text.DMA_CalcBaseAndBitshift
                0x0000000008002984       0x6c ./Drivers/STM32F4xx_HAL_Driver/Src/stm32f4xx_hal_dma.o
 .text.DMA_CheckFifoParam
                0x00000000080029f0       0xf8 ./Drivers/STM32F4xx_HAL_Driver/Src/stm32f4xx_hal_dma.o
 .text.HAL_GPIO_Init
                0x0000000008002ae8      0x308 ./Drivers/STM32F4xx_HAL_Driver/Src/stm32f4xx_hal_gpio.o
                0x0000000008002ae8                HAL_GPIO_Init
 .text.HAL_GPIO_DeInit
                0x0000000008002df0      0x1c8 ./Drivers/STM32F4xx_HAL_Driver/Src/stm32f4xx_hal_gpio.o
                0x0000000008002df0                HAL_GPIO_DeInit
 .text.HAL_GPIO_WritePin
                0x0000000008002fb8       0x32 ./Drivers/STM32F4xx_HAL_Driver/Src/stm32f4xx_hal_gpio.o
                0x0000000008002fb8                HAL_GPIO_WritePin
 *fill*         0x0000000008002fea        0x2 
 .text.HAL_GPIO_EXTI_IRQHandler
                0x0000000008002fec       0x30 ./Drivers/STM32F4xx_HAL_Driver/Src/stm32f4xx_hal_gpio.o
                0x0000000008002fec                HAL_GPIO_EXTI_IRQHandler
 .text.HAL_HCD_Init
                0x000000000800301c       0xc4 ./Drivers/STM32F4xx_HAL_Driver/Src/stm32f4xx_hal_hcd.o
                0x000000000800301c                HAL_HCD_Init
 .text.HAL_HCD_HC_Init
                0x00000000080030e0      0x11e ./Drivers/STM32F4xx_HAL_Driver/Src/stm32f4xx_hal_hcd.o
                0x00000000080030e0                HAL_HCD_HC_Init
 .text.HAL_HCD_HC_Halt
                0x00000000080031fe       0x46 ./Drivers/STM32F4xx_HAL_Driver/Src/stm32f4xx_hal_hcd.o
                0x00000000080031fe                HAL_HCD_HC_Halt
 .text.HAL_HCD_HC_SubmitRequest
                0x0000000008003244      0x2ac ./Drivers/STM32F4xx_HAL_Driver/Src/stm32f4xx_hal_hcd.o
                0x0000000008003244                HAL_HCD_HC_SubmitRequest
 .text.HAL_HCD_IRQHandler
                0x00000000080034f0      0x216 ./Drivers/STM32F4xx_HAL_Driver/Src/stm32f4xx_hal_hcd.o
                0x00000000080034f0                HAL_HCD_IRQHandler
 .text.HAL_HCD_Start
                0x0000000008003706       0x46 ./Drivers/STM32F4xx_HAL_Driver/Src/stm32f4xx_hal_hcd.o
                0x0000000008003706                HAL_HCD_Start
 .text.HAL_HCD_Stop
                0x000000000800374c       0x3a ./Drivers/STM32F4xx_HAL_Driver/Src/stm32f4xx_hal_hcd.o
                0x000000000800374c                HAL_HCD_Stop
 .text.HAL_HCD_ResetPort
                0x0000000008003786       0x1c ./Drivers/STM32F4xx_HAL_Driver/Src/stm32f4xx_hal_hcd.o
                0x0000000008003786                HAL_HCD_ResetPort
 .text.HAL_HCD_HC_GetURBState
                0x00000000080037a2       0x28 ./Drivers/STM32F4xx_HAL_Driver/Src/stm32f4xx_hal_hcd.o
                0x00000000080037a2                HAL_HCD_HC_GetURBState
 .text.HAL_HCD_HC_GetXferCount
                0x00000000080037ca       0x28 ./Drivers/STM32F4xx_HAL_Driver/Src/stm32f4xx_hal_hcd.o
                0x00000000080037ca                HAL_HCD_HC_GetXferCount
 .text.HAL_HCD_GetCurrentFrame
                0x00000000080037f2       0x1c ./Drivers/STM32F4xx_HAL_Driver/Src/stm32f4xx_hal_hcd.o
                0x00000000080037f2                HAL_HCD_GetCurrentFrame
 .text.HAL_HCD_GetCurrentSpeed
                0x000000000800380e       0x1c ./Drivers/STM32F4xx_HAL_Driver/Src/stm32f4xx_hal_hcd.o
                0x000000000800380e                HAL_HCD_GetCurrentSpeed
 .text.HCD_HC_IN_IRQHandler
                0x000000000800382a      0x6aa ./Drivers/STM32F4xx_HAL_Driver/Src/stm32f4xx_hal_hcd.o
 .text.HCD_HC_OUT_IRQHandler
                0x0000000008003ed4      0x6d2 ./Drivers/STM32F4xx_HAL_Driver/Src/stm32f4xx_hal_hcd.o
 .text.HCD_RXQLVL_IRQHandler
                0x00000000080045a6      0x1a4 ./Drivers/STM32F4xx_HAL_Driver/Src/stm32f4xx_hal_hcd.o
 .text.HCD_Port_IRQHandler
                0x000000000800474a       0xe6 ./Drivers/STM32F4xx_HAL_Driver/Src/stm32f4xx_hal_hcd.o
 .text.HAL_I2C_Init
                0x0000000008004830      0x288 ./Drivers/STM32F4xx_HAL_Driver/Src/stm32f4xx_hal_i2c.o
                0x0000000008004830                HAL_I2C_Init
 .text.HAL_I2C_DeInit
                0x0000000008004ab8       0x5e ./Drivers/STM32F4xx_HAL_Driver/Src/stm32f4xx_hal_i2c.o
                0x0000000008004ab8                HAL_I2C_DeInit
 *fill*         0x0000000008004b16        0x2 
 .text.HAL_I2C_Mem_Write
                0x0000000008004b18      0x1f4 ./Drivers/STM32F4xx_HAL_Driver/Src/stm32f4xx_hal_i2c.o
                0x0000000008004b18                HAL_I2C_Mem_Write
 .text.HAL_I2C_Mem_Read
                0x0000000008004d0c      0x44c ./Drivers/STM32F4xx_HAL_Driver/Src/stm32f4xx_hal_i2c.o
                0x0000000008004d0c                HAL_I2C_Mem_Read
 .text.HAL_I2C_GetState
                0x0000000008005158       0x1c ./Drivers/STM32F4xx_HAL_Driver/Src/stm32f4xx_hal_i2c.o
                0x0000000008005158                HAL_I2C_GetState
 .text.I2C_RequestMemoryWrite
                0x0000000008005174      0x12c ./Drivers/STM32F4xx_HAL_Driver/Src/stm32f4xx_hal_i2c.o
 .text.I2C_RequestMemoryRead
                0x00000000080052a0      0x1d0 ./Drivers/STM32F4xx_HAL_Driver/Src/stm32f4xx_hal_i2c.o
 .text.I2C_WaitOnFlagUntilTimeout
                0x0000000008005470       0xae ./Drivers/STM32F4xx_HAL_Driver/Src/stm32f4xx_hal_i2c.o
 .text.I2C_WaitOnMasterAddressFlagUntilTimeout
                0x000000000800551e       0xfe ./Drivers/STM32F4xx_HAL_Driver/Src/stm32f4xx_hal_i2c.o
 .text.I2C_WaitOnTXEFlagUntilTimeout
                0x000000000800561c       0x82 ./Drivers/STM32F4xx_HAL_Driver/Src/stm32f4xx_hal_i2c.o
 .text.I2C_WaitOnBTFFlagUntilTimeout
                0x000000000800569e       0x82 ./Drivers/STM32F4xx_HAL_Driver/Src/stm32f4xx_hal_i2c.o
 .text.I2C_WaitOnRXNEFlagUntilTimeout
                0x0000000008005720       0xac ./Drivers/STM32F4xx_HAL_Driver/Src/stm32f4xx_hal_i2c.o
 .text.I2C_IsAcknowledgeFailed
                0x00000000080057cc       0x5e ./Drivers/STM32F4xx_HAL_Driver/Src/stm32f4xx_hal_i2c.o
 *fill*         0x000000000800582a        0x2 
 .text.HAL_I2S_Init
                0x000000000800582c      0x280 ./Drivers/STM32F4xx_HAL_Driver/Src/stm32f4xx_hal_i2s.o
                0x000000000800582c                HAL_I2S_Init
 .text.HAL_I2S_Transmit_DMA
                0x0000000008005aac      0x150 ./Drivers/STM32F4xx_HAL_Driver/Src/stm32f4xx_hal_i2s.o
                0x0000000008005aac                HAL_I2S_Transmit_DMA
 .text.HAL_I2S_DMAPause
                0x0000000008005bfc       0xc4 ./Drivers/STM32F4xx_HAL_Driver/Src/stm32f4xx_hal_i2s.o
                0x0000000008005bfc                HAL_I2S_DMAPause
 .text.HAL_I2S_DMAResume
                0x0000000008005cc0      0x128 ./Drivers/STM32F4xx_HAL_Driver/Src/stm32f4xx_hal_i2s.o
                0x0000000008005cc0                HAL_I2S_DMAResume
 .text.HAL_I2S_DMAStop
                0x0000000008005de8      0x3b4 ./Drivers/STM32F4xx_HAL_Driver/Src/stm32f4xx_hal_i2s.o
                0x0000000008005de8                HAL_I2S_DMAStop
 .text.HAL_I2S_RxCpltCallback
                0x000000000800619c       0x14 ./Drivers/STM32F4xx_HAL_Driver/Src/stm32f4xx_hal_i2s.o
                0x000000000800619c                HAL_I2S_RxCpltCallback
 .text.HAL_I2S_GetState
                0x00000000080061b0       0x1c ./Drivers/STM32F4xx_HAL_Driver/Src/stm32f4xx_hal_i2s.o
                0x00000000080061b0                HAL_I2S_GetState
 .text.I2S_DMATxCplt
                0x00000000080061cc       0x42 ./Drivers/STM32F4xx_HAL_Driver/Src/stm32f4xx_hal_i2s.o
 .text.I2S_DMATxHalfCplt
                0x000000000800620e       0x1c ./Drivers/STM32F4xx_HAL_Driver/Src/stm32f4xx_hal_i2s.o
 .text.I2S_DMAError
                0x000000000800622a       0x4c ./Drivers/STM32F4xx_HAL_Driver/Src/stm32f4xx_hal_i2s.o
 .text.I2S_Transmit_IT
                0x0000000008006276       0x5c ./Drivers/STM32F4xx_HAL_Driver/Src/stm32f4xx_hal_i2s.o
 .text.I2S_Receive_IT
                0x00000000080062d2       0x5e ./Drivers/STM32F4xx_HAL_Driver/Src/stm32f4xx_hal_i2s.o
 .text.I2S_IRQHandler
                0x0000000008006330      0x114 ./Drivers/STM32F4xx_HAL_Driver/Src/stm32f4xx_hal_i2s.o
 .text.I2S_WaitFlagStateUntilTimeout
                0x0000000008006444       0x72 ./Drivers/STM32F4xx_HAL_Driver/Src/stm32f4xx_hal_i2s.o
 *fill*         0x00000000080064b6        0x2 
 .text.HAL_I2SEx_FullDuplex_IRQHandler
                0x00000000080064b8      0x2a8 ./Drivers/STM32F4xx_HAL_Driver/Src/stm32f4xx_hal_i2s_ex.o
                0x00000000080064b8                HAL_I2SEx_FullDuplex_IRQHandler
 .text.HAL_I2SEx_TxRxCpltCallback
                0x0000000008006760       0x14 ./Drivers/STM32F4xx_HAL_Driver/Src/stm32f4xx_hal_i2s_ex.o
                0x0000000008006760                HAL_I2SEx_TxRxCpltCallback
 .text.I2SEx_TxISR_I2S
                0x0000000008006774       0x62 ./Drivers/STM32F4xx_HAL_Driver/Src/stm32f4xx_hal_i2s_ex.o
 *fill*         0x00000000080067d6        0x2 
 .text.I2SEx_TxISR_I2SExt
                0x00000000080067d8       0x98 ./Drivers/STM32F4xx_HAL_Driver/Src/stm32f4xx_hal_i2s_ex.o
 .text.I2SEx_RxISR_I2S
                0x0000000008006870       0x64 ./Drivers/STM32F4xx_HAL_Driver/Src/stm32f4xx_hal_i2s_ex.o
 .text.I2SEx_RxISR_I2SExt
                0x00000000080068d4       0x98 ./Drivers/STM32F4xx_HAL_Driver/Src/stm32f4xx_hal_i2s_ex.o
 .text.HAL_RCC_OscConfig
                0x000000000800696c      0x4f0 ./Drivers/STM32F4xx_HAL_Driver/Src/stm32f4xx_hal_rcc.o
                0x000000000800696c                HAL_RCC_OscConfig
 .text.HAL_RCC_ClockConfig
                0x0000000008006e5c      0x1cc ./Drivers/STM32F4xx_HAL_Driver/Src/stm32f4xx_hal_rcc.o
                0x0000000008006e5c                HAL_RCC_ClockConfig
 .text.HAL_RCC_GetSysClockFreq
                0x0000000008007028      0x20c ./Drivers/STM32F4xx_HAL_Driver/Src/stm32f4xx_hal_rcc.o
                0x0000000008007028                HAL_RCC_GetSysClockFreq
 .text.HAL_RCC_GetHCLKFreq
                0x0000000008007234       0x18 ./Drivers/STM32F4xx_HAL_Driver/Src/stm32f4xx_hal_rcc.o
                0x0000000008007234                HAL_RCC_GetHCLKFreq
 .text.HAL_RCC_GetPCLK1Freq
                0x000000000800724c       0x28 ./Drivers/STM32F4xx_HAL_Driver/Src/stm32f4xx_hal_rcc.o
                0x000000000800724c                HAL_RCC_GetPCLK1Freq
 .text.HAL_RCCEx_PeriphCLKConfig
                0x0000000008007274      0x1e0 ./Drivers/STM32F4xx_HAL_Driver/Src/stm32f4xx_hal_rcc_ex.o
                0x0000000008007274                HAL_RCCEx_PeriphCLKConfig
 .text.HAL_RCCEx_GetPeriphCLKConfig
                0x0000000008007454       0x84 ./Drivers/STM32F4xx_HAL_Driver/Src/stm32f4xx_hal_rcc_ex.o
                0x0000000008007454                HAL_RCCEx_GetPeriphCLKConfig
 .text.HAL_RCCEx_GetPeriphCLKFreq
                0x00000000080074d8       0xc0 ./Drivers/STM32F4xx_HAL_Driver/Src/stm32f4xx_hal_rcc_ex.o
                0x00000000080074d8                HAL_RCCEx_GetPeriphCLKFreq
 .text.USB_CoreInit
                0x0000000008007598       0xc2 ./Drivers/STM32F4xx_HAL_Driver/Src/stm32f4xx_ll_usb.o
                0x0000000008007598                USB_CoreInit
 .text.USB_EnableGlobalInt
                0x000000000800765a       0x22 ./Drivers/STM32F4xx_HAL_Driver/Src/stm32f4xx_ll_usb.o
                0x000000000800765a                USB_EnableGlobalInt
 .text.USB_DisableGlobalInt
                0x000000000800767c       0x22 ./Drivers/STM32F4xx_HAL_Driver/Src/stm32f4xx_ll_usb.o
                0x000000000800767c                USB_DisableGlobalInt
 .text.USB_SetCurrentMode
                0x000000000800769e       0x98 ./Drivers/STM32F4xx_HAL_Driver/Src/stm32f4xx_ll_usb.o
                0x000000000800769e                USB_SetCurrentMode
 *fill*         0x0000000008007736        0x2 
 .text.USB_FlushTxFifo
                0x0000000008007738       0x68 ./Drivers/STM32F4xx_HAL_Driver/Src/stm32f4xx_ll_usb.o
                0x0000000008007738                USB_FlushTxFifo
 .text.USB_FlushRxFifo
                0x00000000080077a0       0x60 ./Drivers/STM32F4xx_HAL_Driver/Src/stm32f4xx_ll_usb.o
                0x00000000080077a0                USB_FlushRxFifo
 .text.USB_WritePacket
                0x0000000008007800       0x7c ./Drivers/STM32F4xx_HAL_Driver/Src/stm32f4xx_ll_usb.o
                0x0000000008007800                USB_WritePacket
 .text.USB_ReadPacket
                0x000000000800787c       0xb0 ./Drivers/STM32F4xx_HAL_Driver/Src/stm32f4xx_ll_usb.o
                0x000000000800787c                USB_ReadPacket
 .text.USB_ReadInterrupts
                0x000000000800792c       0x26 ./Drivers/STM32F4xx_HAL_Driver/Src/stm32f4xx_ll_usb.o
                0x000000000800792c                USB_ReadInterrupts
 .text.USB_GetMode
                0x0000000008007952       0x1c ./Drivers/STM32F4xx_HAL_Driver/Src/stm32f4xx_ll_usb.o
                0x0000000008007952                USB_GetMode
 *fill*         0x000000000800796e        0x2 
 .text.USB_CoreReset
                0x0000000008007970       0x68 ./Drivers/STM32F4xx_HAL_Driver/Src/stm32f4xx_ll_usb.o
 .text.USB_HostInit
                0x00000000080079d8      0x180 ./Drivers/STM32F4xx_HAL_Driver/Src/stm32f4xx_ll_usb.o
                0x00000000080079d8                USB_HostInit
 .text.USB_InitFSLSPClkSel
                0x0000000008007b58       0x74 ./Drivers/STM32F4xx_HAL_Driver/Src/stm32f4xx_ll_usb.o
                0x0000000008007b58                USB_InitFSLSPClkSel
 .text.USB_ResetPort
                0x0000000008007bcc       0x54 ./Drivers/STM32F4xx_HAL_Driver/Src/stm32f4xx_ll_usb.o
                0x0000000008007bcc                USB_ResetPort
 .text.USB_DriveVbus
                0x0000000008007c20       0x72 ./Drivers/STM32F4xx_HAL_Driver/Src/stm32f4xx_ll_usb.o
                0x0000000008007c20                USB_DriveVbus
 .text.USB_GetHostSpeed
                0x0000000008007c92       0x2e ./Drivers/STM32F4xx_HAL_Driver/Src/stm32f4xx_ll_usb.o
                0x0000000008007c92                USB_GetHostSpeed
 .text.USB_GetCurrentFrame
                0x0000000008007cc0       0x22 ./Drivers/STM32F4xx_HAL_Driver/Src/stm32f4xx_ll_usb.o
                0x0000000008007cc0                USB_GetCurrentFrame
 *fill*         0x0000000008007ce2        0x2 
 .text.USB_HC_Init
                0x0000000008007ce4      0x244 ./Drivers/STM32F4xx_HAL_Driver/Src/stm32f4xx_ll_usb.o
                0x0000000008007ce4                USB_HC_Init
 .text.USB_HC_StartXfer
                0x0000000008007f28      0x284 ./Drivers/STM32F4xx_HAL_Driver/Src/stm32f4xx_ll_usb.o
                0x0000000008007f28                USB_HC_StartXfer
 .text.USB_HC_ReadInterrupt
                0x00000000080081ac       0x22 ./Drivers/STM32F4xx_HAL_Driver/Src/stm32f4xx_ll_usb.o
                0x00000000080081ac                USB_HC_ReadInterrupt
 .text.USB_HC_Halt
                0x00000000080081ce      0x1f8 ./Drivers/STM32F4xx_HAL_Driver/Src/stm32f4xx_ll_usb.o
                0x00000000080081ce                USB_HC_Halt
 *fill*         0x00000000080083c6        0x2 
 .text.USB_DoPing
                0x00000000080083c8       0x78 ./Drivers/STM32F4xx_HAL_Driver/Src/stm32f4xx_ll_usb.o
                0x00000000080083c8                USB_DoPing
 .text.USB_StopHost
                0x0000000008008440      0x124 ./Drivers/STM32F4xx_HAL_Driver/Src/stm32f4xx_ll_usb.o
                0x0000000008008440                USB_StopHost
 .text.MX_FATFS_Init
                0x0000000008008564       0x24 ./FATFS/App/fatfs.o
                0x0000000008008564                MX_FATFS_Init
 .text.get_fattime
                0x0000000008008588       0x10 ./FATFS/App/fatfs.o
                0x0000000008008588                get_fattime
 .text.USBH_initialize
                0x0000000008008598       0x18 ./FATFS/Target/usbh_diskio.o
                0x0000000008008598                USBH_initialize
 .text.USBH_status
                0x00000000080085b0       0x38 ./FATFS/Target/usbh_diskio.o
                0x00000000080085b0                USBH_status
 .text.USBH_read
                0x00000000080085e8       0x74 ./FATFS/Target/usbh_diskio.o
                0x00000000080085e8                USBH_read
 .text.USBH_write
                0x000000000800865c       0x84 ./FATFS/Target/usbh_diskio.o
                0x000000000800865c                USBH_write
 .text.USBH_ioctl
                0x00000000080086e0       0xd8 ./FATFS/Target/usbh_diskio.o
                0x00000000080086e0                USBH_ioctl
 .text.USBH_MSC_InterfaceInit
                0x00000000080087b8      0x244 ./Middlewares/ST/STM32_USB_Host_Library/Class/MSC/Src/usbh_msc.o
 .text.USBH_MSC_InterfaceDeInit
                0x00000000080089fc       0x8c ./Middlewares/ST/STM32_USB_Host_Library/Class/MSC/Src/usbh_msc.o
 .text.USBH_MSC_ClassRequest
                0x0000000008008a88       0xce ./Middlewares/ST/STM32_USB_Host_Library/Class/MSC/Src/usbh_msc.o
 *fill*         0x0000000008008b56        0x2 
 .text.USBH_MSC_Process
                0x0000000008008b58      0x520 ./Middlewares/ST/STM32_USB_Host_Library/Class/MSC/Src/usbh_msc.o
 .text.USBH_MSC_SOFProcess
                0x0000000008009078       0x16 ./Middlewares/ST/STM32_USB_Host_Library/Class/MSC/Src/usbh_msc.o
 .text.USBH_MSC_RdWrProcess
                0x000000000800908e      0x19e ./Middlewares/ST/STM32_USB_Host_Library/Class/MSC/Src/usbh_msc.o
 .text.USBH_MSC_UnitIsReady
                0x000000000800922c       0x4c ./Middlewares/ST/STM32_USB_Host_Library/Class/MSC/Src/usbh_msc.o
                0x000000000800922c                USBH_MSC_UnitIsReady
 .text.USBH_MSC_GetLUNInfo
                0x0000000008009278       0x48 ./Middlewares/ST/STM32_USB_Host_Library/Class/MSC/Src/usbh_msc.o
                0x0000000008009278                USBH_MSC_GetLUNInfo
 .text.USBH_MSC_Read
                0x00000000080092c0       0xd2 ./Middlewares/ST/STM32_USB_Host_Library/Class/MSC/Src/usbh_msc.o
                0x00000000080092c0                USBH_MSC_Read
 .text.USBH_MSC_Write
                0x0000000008009392       0xd2 ./Middlewares/ST/STM32_USB_Host_Library/Class/MSC/Src/usbh_msc.o
                0x0000000008009392                USBH_MSC_Write
 .text.USBH_MSC_BOT_REQ_Reset
                0x0000000008009464       0x3a ./Middlewares/ST/STM32_USB_Host_Library/Class/MSC/Src/usbh_msc_bot.o
                0x0000000008009464                USBH_MSC_BOT_REQ_Reset
 .text.USBH_MSC_BOT_REQ_GetMaxLUN
                0x000000000800949e       0x3c ./Middlewares/ST/STM32_USB_Host_Library/Class/MSC/Src/usbh_msc_bot.o
                0x000000000800949e                USBH_MSC_BOT_REQ_GetMaxLUN
 *fill*         0x00000000080094da        0x2 
 .text.USBH_MSC_BOT_Init
                0x00000000080094dc       0x44 ./Middlewares/ST/STM32_USB_Host_Library/Class/MSC/Src/usbh_msc_bot.o
                0x00000000080094dc                USBH_MSC_BOT_Init
 .text.USBH_MSC_BOT_Process
                0x0000000008009520      0x39c ./Middlewares/ST/STM32_USB_Host_Library/Class/MSC/Src/usbh_msc_bot.o
                0x0000000008009520                USBH_MSC_BOT_Process
 .text.USBH_MSC_BOT_Abort
                0x00000000080098bc       0x58 ./Middlewares/ST/STM32_USB_Host_Library/Class/MSC/Src/usbh_msc_bot.o
 .text.USBH_MSC_DecodeCSW
                0x0000000008009914       0x88 ./Middlewares/ST/STM32_USB_Host_Library/Class/MSC/Src/usbh_msc_bot.o
 .text.USBH_MSC_SCSI_TestUnitReady
                0x000000000800999c       0x86 ./Middlewares/ST/STM32_USB_Host_Library/Class/MSC/Src/usbh_msc_scsi.o
                0x000000000800999c                USBH_MSC_SCSI_TestUnitReady
 .text.USBH_MSC_SCSI_ReadCapacity
                0x0000000008009a22       0xf6 ./Middlewares/ST/STM32_USB_Host_Library/Class/MSC/Src/usbh_msc_scsi.o
                0x0000000008009a22                USBH_MSC_SCSI_ReadCapacity
 .text.USBH_MSC_SCSI_Inquiry
                0x0000000008009b18      0x14a ./Middlewares/ST/STM32_USB_Host_Library/Class/MSC/Src/usbh_msc_scsi.o
                0x0000000008009b18                USBH_MSC_SCSI_Inquiry
 .text.USBH_MSC_SCSI_RequestSense
                0x0000000008009c62       0xf2 ./Middlewares/ST/STM32_USB_Host_Library/Class/MSC/Src/usbh_msc_scsi.o
                0x0000000008009c62                USBH_MSC_SCSI_RequestSense
 .text.USBH_MSC_SCSI_Write
                0x0000000008009d54       0xd6 ./Middlewares/ST/STM32_USB_Host_Library/Class/MSC/Src/usbh_msc_scsi.o
                0x0000000008009d54                USBH_MSC_SCSI_Write
 .text.USBH_MSC_SCSI_Read
                0x0000000008009e2a       0xd6 ./Middlewares/ST/STM32_USB_Host_Library/Class/MSC/Src/usbh_msc_scsi.o
                0x0000000008009e2a                USBH_MSC_SCSI_Read
 .text.USBH_Init
                0x0000000008009f00       0x74 ./Middlewares/ST/STM32_USB_Host_Library/Core/Src/usbh_core.o
                0x0000000008009f00                USBH_Init
 .text.DeInitStateMachine
                0x0000000008009f74       0xa8 ./Middlewares/ST/STM32_USB_Host_Library/Core/Src/usbh_core.o
 .text.USBH_RegisterClass
                0x000000000800a01c       0x54 ./Middlewares/ST/STM32_USB_Host_Library/Core/Src/usbh_core.o
                0x000000000800a01c                USBH_RegisterClass
 .text.USBH_SelectInterface
                0x000000000800a070       0x38 ./Middlewares/ST/STM32_USB_Host_Library/Core/Src/usbh_core.o
                0x000000000800a070                USBH_SelectInterface
 .text.USBH_FindInterface
                0x000000000800a0a8       0x8c ./Middlewares/ST/STM32_USB_Host_Library/Core/Src/usbh_core.o
                0x000000000800a0a8                USBH_FindInterface
 .text.USBH_Start
                0x000000000800a134       0x20 ./Middlewares/ST/STM32_USB_Host_Library/Core/Src/usbh_core.o
                0x000000000800a134                USBH_Start
 .text.USBH_Process
                0x000000000800a154      0x3d8 ./Middlewares/ST/STM32_USB_Host_Library/Core/Src/usbh_core.o
                0x000000000800a154                USBH_Process
 .text.USBH_HandleEnum
                0x000000000800a52c      0x3c8 ./Middlewares/ST/STM32_USB_Host_Library/Core/Src/usbh_core.o
 .text.USBH_LL_SetTimer
                0x000000000800a8f4       0x1e ./Middlewares/ST/STM32_USB_Host_Library/Core/Src/usbh_core.o
                0x000000000800a8f4                USBH_LL_SetTimer
 .text.USBH_LL_IncTimer
                0x000000000800a912       0x24 ./Middlewares/ST/STM32_USB_Host_Library/Core/Src/usbh_core.o
                0x000000000800a912                USBH_LL_IncTimer
 .text.USBH_HandleSof
                0x000000000800a936       0x30 ./Middlewares/ST/STM32_USB_Host_Library/Core/Src/usbh_core.o
 .text.USBH_LL_PortEnabled
                0x000000000800a966       0x1c ./Middlewares/ST/STM32_USB_Host_Library/Core/Src/usbh_core.o
                0x000000000800a966                USBH_LL_PortEnabled
 .text.USBH_LL_PortDisabled
                0x000000000800a982       0x1c ./Middlewares/ST/STM32_USB_Host_Library/Core/Src/usbh_core.o
                0x000000000800a982                USBH_LL_PortDisabled
 .text.USBH_LL_Connect
                0x000000000800a99e       0x2e ./Middlewares/ST/STM32_USB_Host_Library/Core/Src/usbh_core.o
                0x000000000800a99e                USBH_LL_Connect
 .text.USBH_LL_Disconnect
                0x000000000800a9cc       0x48 ./Middlewares/ST/STM32_USB_Host_Library/Core/Src/usbh_core.o
                0x000000000800a9cc                USBH_LL_Disconnect
 .text.USBH_Get_DevDesc
                0x000000000800aa14       0x50 ./Middlewares/ST/STM32_USB_Host_Library/Core/Src/usbh_ctlreq.o
                0x000000000800aa14                USBH_Get_DevDesc
 .text.USBH_Get_CfgDesc
                0x000000000800aa64       0x48 ./Middlewares/ST/STM32_USB_Host_Library/Core/Src/usbh_ctlreq.o
                0x000000000800aa64                USBH_Get_CfgDesc
 .text.USBH_Get_StringDesc
                0x000000000800aaac       0x56 ./Middlewares/ST/STM32_USB_Host_Library/Core/Src/usbh_ctlreq.o
                0x000000000800aaac                USBH_Get_StringDesc
 .text.USBH_GetDescriptor
                0x000000000800ab02       0x6a ./Middlewares/ST/STM32_USB_Host_Library/Core/Src/usbh_ctlreq.o
                0x000000000800ab02                USBH_GetDescriptor
 .text.USBH_SetAddress
                0x000000000800ab6c       0x48 ./Middlewares/ST/STM32_USB_Host_Library/Core/Src/usbh_ctlreq.o
                0x000000000800ab6c                USBH_SetAddress
 .text.USBH_SetCfg
                0x000000000800abb4       0x46 ./Middlewares/ST/STM32_USB_Host_Library/Core/Src/usbh_ctlreq.o
                0x000000000800abb4                USBH_SetCfg
 .text.USBH_SetFeature
                0x000000000800abfa       0x48 ./Middlewares/ST/STM32_USB_Host_Library/Core/Src/usbh_ctlreq.o
                0x000000000800abfa                USBH_SetFeature
 .text.USBH_ClrFeature
                0x000000000800ac42       0x48 ./Middlewares/ST/STM32_USB_Host_Library/Core/Src/usbh_ctlreq.o
                0x000000000800ac42                USBH_ClrFeature
 *fill*         0x000000000800ac8a        0x2 
 .text.USBH_ParseDevDesc
                0x000000000800ac8c      0x124 ./Middlewares/ST/STM32_USB_Host_Library/Core/Src/usbh_ctlreq.o
 .text.USBH_ParseCfgDesc
                0x000000000800adb0      0x1ec ./Middlewares/ST/STM32_USB_Host_Library/Core/Src/usbh_ctlreq.o
 .text.USBH_ParseInterfaceDesc
                0x000000000800af9c       0x5e ./Middlewares/ST/STM32_USB_Host_Library/Core/Src/usbh_ctlreq.o
 .text.USBH_ParseEPDesc
                0x000000000800affa      0x14a ./Middlewares/ST/STM32_USB_Host_Library/Core/Src/usbh_ctlreq.o
 .text.USBH_ParseStringDesc
                0x000000000800b144       0x66 ./Middlewares/ST/STM32_USB_Host_Library/Core/Src/usbh_ctlreq.o
 .text.USBH_GetNextDesc
                0x000000000800b1aa       0x36 ./Middlewares/ST/STM32_USB_Host_Library/Core/Src/usbh_ctlreq.o
                0x000000000800b1aa                USBH_GetNextDesc
 .text.USBH_CtlReq
                0x000000000800b1e0       0x7a ./Middlewares/ST/STM32_USB_Host_Library/Core/Src/usbh_ctlreq.o
                0x000000000800b1e0                USBH_CtlReq
 *fill*         0x000000000800b25a        0x2 
 .text.USBH_HandleControl
                0x000000000800b25c      0x2e8 ./Middlewares/ST/STM32_USB_Host_Library/Core/Src/usbh_ctlreq.o
 .text.USBH_CtlSendSetup
                0x000000000800b544       0x34 ./Middlewares/ST/STM32_USB_Host_Library/Core/Src/usbh_ioreq.o
                0x000000000800b544                USBH_CtlSendSetup
 .text.USBH_CtlSendData
                0x000000000800b578       0x4a ./Middlewares/ST/STM32_USB_Host_Library/Core/Src/usbh_ioreq.o
                0x000000000800b578                USBH_CtlSendData
 .text.USBH_CtlReceiveData
                0x000000000800b5c2       0x3c ./Middlewares/ST/STM32_USB_Host_Library/Core/Src/usbh_ioreq.o
                0x000000000800b5c2                USBH_CtlReceiveData
 .text.USBH_BulkSendData
                0x000000000800b5fe       0x4a ./Middlewares/ST/STM32_USB_Host_Library/Core/Src/usbh_ioreq.o
                0x000000000800b5fe                USBH_BulkSendData
 .text.USBH_BulkReceiveData
                0x000000000800b648       0x3c ./Middlewares/ST/STM32_USB_Host_Library/Core/Src/usbh_ioreq.o
                0x000000000800b648                USBH_BulkReceiveData
 .text.USBH_OpenPipe
                0x000000000800b684       0x3e ./Middlewares/ST/STM32_USB_Host_Library/Core/Src/usbh_pipes.o
                0x000000000800b684                USBH_OpenPipe
 .text.USBH_ClosePipe
                0x000000000800b6c2       0x20 ./Middlewares/ST/STM32_USB_Host_Library/Core/Src/usbh_pipes.o
                0x000000000800b6c2                USBH_ClosePipe
 .text.USBH_AllocPipe
                0x000000000800b6e2       0x42 ./Middlewares/ST/STM32_USB_Host_Library/Core/Src/usbh_pipes.o
                0x000000000800b6e2                USBH_AllocPipe
 .text.USBH_FreePipe
                0x000000000800b724       0x3c ./Middlewares/ST/STM32_USB_Host_Library/Core/Src/usbh_pipes.o
                0x000000000800b724                USBH_FreePipe
 .text.USBH_GetFreePipe
                0x000000000800b760       0x48 ./Middlewares/ST/STM32_USB_Host_Library/Core/Src/usbh_pipes.o
 .text.disk_status
                0x000000000800b7a8       0x34 ./Middlewares/Third_Party/FatFs/src/diskio.o
                0x000000000800b7a8                disk_status
 .text.disk_initialize
                0x000000000800b7dc       0x4c ./Middlewares/Third_Party/FatFs/src/diskio.o
                0x000000000800b7dc                disk_initialize
 .text.disk_read
                0x000000000800b828       0x40 ./Middlewares/Third_Party/FatFs/src/diskio.o
                0x000000000800b828                disk_read
 .text.disk_write
                0x000000000800b868       0x40 ./Middlewares/Third_Party/FatFs/src/diskio.o
                0x000000000800b868                disk_write
 .text.disk_ioctl
                0x000000000800b8a8       0x3c ./Middlewares/Third_Party/FatFs/src/diskio.o
                0x000000000800b8a8                disk_ioctl
 .text.ld_word  0x000000000800b8e4       0x30 ./Middlewares/Third_Party/FatFs/src/ff.o
 .text.ld_dword
                0x000000000800b914       0x46 ./Middlewares/Third_Party/FatFs/src/ff.o
 .text.st_word  0x000000000800b95a       0x36 ./Middlewares/Third_Party/FatFs/src/ff.o
 .text.st_dword
                0x000000000800b990       0x58 ./Middlewares/Third_Party/FatFs/src/ff.o
 .text.mem_cpy  0x000000000800b9e8       0x42 ./Middlewares/Third_Party/FatFs/src/ff.o
 .text.mem_set  0x000000000800ba2a       0x36 ./Middlewares/Third_Party/FatFs/src/ff.o
 .text.mem_cmp  0x000000000800ba60       0x4e ./Middlewares/Third_Party/FatFs/src/ff.o
 .text.chk_chr  0x000000000800baae       0x36 ./Middlewares/Third_Party/FatFs/src/ff.o
 .text.chk_lock
                0x000000000800bae4       0xb8 ./Middlewares/Third_Party/FatFs/src/ff.o
 .text.enq_lock
                0x000000000800bb9c       0x44 ./Middlewares/Third_Party/FatFs/src/ff.o
 .text.inc_lock
                0x000000000800bbe0      0x11c ./Middlewares/Third_Party/FatFs/src/ff.o
 .text.dec_lock
                0x000000000800bcfc       0x78 ./Middlewares/Third_Party/FatFs/src/ff.o
 .text.clear_lock
                0x000000000800bd74       0x48 ./Middlewares/Third_Party/FatFs/src/ff.o
 .text.sync_window
                0x000000000800bdbc       0x88 ./Middlewares/Third_Party/FatFs/src/ff.o
 .text.move_window
                0x000000000800be44       0x5a ./Middlewares/Third_Party/FatFs/src/ff.o
 *fill*         0x000000000800be9e        0x2 
 .text.sync_fs  0x000000000800bea0       0xdc ./Middlewares/Third_Party/FatFs/src/ff.o
 .text.clust2sect
                0x000000000800bf7c       0x3e ./Middlewares/Third_Party/FatFs/src/ff.o
 .text.get_fat  0x000000000800bfba      0x150 ./Middlewares/Third_Party/FatFs/src/ff.o
 .text.put_fat  0x000000000800c10a      0x1d4 ./Middlewares/Third_Party/FatFs/src/ff.o
 .text.remove_chain
                0x000000000800c2de       0xca ./Middlewares/Third_Party/FatFs/src/ff.o
 .text.create_chain
                0x000000000800c3a8      0x130 ./Middlewares/Third_Party/FatFs/src/ff.o
 .text.clmt_clust
                0x000000000800c4d8       0x68 ./Middlewares/Third_Party/FatFs/src/ff.o
 .text.dir_sdi  0x000000000800c540       0xf6 ./Middlewares/Third_Party/FatFs/src/ff.o
 .text.dir_next
                0x000000000800c636      0x18a ./Middlewares/Third_Party/FatFs/src/ff.o
 .text.dir_alloc
                0x000000000800c7c0       0x8e ./Middlewares/Third_Party/FatFs/src/ff.o
 .text.ld_clust
                0x000000000800c84e       0x3e ./Middlewares/Third_Party/FatFs/src/ff.o
 .text.st_clust
                0x000000000800c88c       0x40 ./Middlewares/Third_Party/FatFs/src/ff.o
 .text.cmp_lfn  0x000000000800c8cc       0xe0 ./Middlewares/Third_Party/FatFs/src/ff.o
 .text.pick_lfn
                0x000000000800c9ac       0xc8 ./Middlewares/Third_Party/FatFs/src/ff.o
 .text.put_lfn  0x000000000800ca74       0xd0 ./Middlewares/Third_Party/FatFs/src/ff.o
 .text.gen_numname
                0x000000000800cb44      0x11c ./Middlewares/Third_Party/FatFs/src/ff.o
 .text.sum_sfn  0x000000000800cc60       0x42 ./Middlewares/Third_Party/FatFs/src/ff.o
 .text.dir_read
                0x000000000800cca2      0x14e ./Middlewares/Third_Party/FatFs/src/ff.o
 .text.dir_find
                0x000000000800cdf0      0x180 ./Middlewares/Third_Party/FatFs/src/ff.o
 .text.dir_register
                0x000000000800cf70      0x1f0 ./Middlewares/Third_Party/FatFs/src/ff.o
 .text.get_fileinfo
                0x000000000800d160      0x1ba ./Middlewares/Third_Party/FatFs/src/ff.o
 *fill*         0x000000000800d31a        0x2 
 .text.create_name
                0x000000000800d31c      0x370 ./Middlewares/Third_Party/FatFs/src/ff.o
 .text.follow_path
                0x000000000800d68c       0xe2 ./Middlewares/Third_Party/FatFs/src/ff.o
 .text.get_ldnumber
                0x000000000800d76e       0x88 ./Middlewares/Third_Party/FatFs/src/ff.o
 *fill*         0x000000000800d7f6        0x2 
 .text.check_fs
                0x000000000800d7f8       0xac ./Middlewares/Third_Party/FatFs/src/ff.o
 .text.find_volume
                0x000000000800d8a4      0x4a0 ./Middlewares/Third_Party/FatFs/src/ff.o
 .text.validate
                0x000000000800dd44       0x6a ./Middlewares/Third_Party/FatFs/src/ff.o
 *fill*         0x000000000800ddae        0x2 
 .text.f_mount  0x000000000800ddb0       0x8c ./Middlewares/Third_Party/FatFs/src/ff.o
                0x000000000800ddb0                f_mount
 .text.f_open   0x000000000800de3c      0x37c ./Middlewares/Third_Party/FatFs/src/ff.o
                0x000000000800de3c                f_open
 .text.f_read   0x000000000800e1b8      0x27e ./Middlewares/Third_Party/FatFs/src/ff.o
                0x000000000800e1b8                f_read
 .text.f_sync   0x000000000800e436       0xfc ./Middlewares/Third_Party/FatFs/src/ff.o
                0x000000000800e436                f_sync
 .text.f_close  0x000000000800e532       0x54 ./Middlewares/Third_Party/FatFs/src/ff.o
                0x000000000800e532                f_close
 .text.f_lseek  0x000000000800e586      0x412 ./Middlewares/Third_Party/FatFs/src/ff.o
                0x000000000800e586                f_lseek
 .text.f_opendir
                0x000000000800e998       0xe6 ./Middlewares/Third_Party/FatFs/src/ff.o
                0x000000000800e998                f_opendir
 .text.f_closedir
                0x000000000800ea7e       0x4c ./Middlewares/Third_Party/FatFs/src/ff.o
                0x000000000800ea7e                f_closedir
 .text.f_readdir
                0x000000000800eaca       0x7a ./Middlewares/Third_Party/FatFs/src/ff.o
                0x000000000800eaca                f_readdir
 .text.FATFS_LinkDriverEx
                0x000000000800eb44       0x98 ./Middlewares/Third_Party/FatFs/src/ff_gen_drv.o
                0x000000000800eb44                FATFS_LinkDriverEx
 .text.FATFS_LinkDriver
                0x000000000800ebdc       0x1e ./Middlewares/Third_Party/FatFs/src/ff_gen_drv.o
                0x000000000800ebdc                FATFS_LinkDriver
 *fill*         0x000000000800ebfa        0x2 
 .text.ff_convert
                0x000000000800ebfc       0x78 ./Middlewares/Third_Party/FatFs/src/option/ccsbcs.o
                0x000000000800ebfc                ff_convert
 .text.ff_wtoupper
                0x000000000800ec74      0x114 ./Middlewares/Third_Party/FatFs/src/option/ccsbcs.o
                0x000000000800ec74                ff_wtoupper
 .text.MX_USB_HOST_Init
                0x000000000800ed88       0x4c ./USB_HOST/App/usb_host.o
                0x000000000800ed88                MX_USB_HOST_Init
 .text.MX_USB_HOST_Process
                0x000000000800edd4       0x14 ./USB_HOST/App/usb_host.o
                0x000000000800edd4                MX_USB_HOST_Process
 .text.USBH_UserProcess
                0x000000000800ede8       0x5c ./USB_HOST/App/usb_host.o
 .text.HAL_HCD_MspInit
                0x000000000800ee44       0xc4 ./USB_HOST/Target/usbh_conf.o
                0x000000000800ee44                HAL_HCD_MspInit
 .text.HAL_HCD_SOF_Callback
                0x000000000800ef08       0x1c ./USB_HOST/Target/usbh_conf.o
                0x000000000800ef08                HAL_HCD_SOF_Callback
 .text.HAL_HCD_Connect_Callback
                0x000000000800ef24       0x1c ./USB_HOST/Target/usbh_conf.o
                0x000000000800ef24                HAL_HCD_Connect_Callback
 .text.HAL_HCD_Disconnect_Callback
                0x000000000800ef40       0x1c ./USB_HOST/Target/usbh_conf.o
                0x000000000800ef40                HAL_HCD_Disconnect_Callback
 .text.HAL_HCD_HC_NotifyURBChange_Callback
                0x000000000800ef5c       0x1c ./USB_HOST/Target/usbh_conf.o
                0x000000000800ef5c                HAL_HCD_HC_NotifyURBChange_Callback
 .text.HAL_HCD_PortEnabled_Callback
                0x000000000800ef78       0x1c ./USB_HOST/Target/usbh_conf.o
                0x000000000800ef78                HAL_HCD_PortEnabled_Callback
 .text.HAL_HCD_PortDisabled_Callback
                0x000000000800ef94       0x1c ./USB_HOST/Target/usbh_conf.o
                0x000000000800ef94                HAL_HCD_PortDisabled_Callback
 .text.USBH_LL_Init
                0x000000000800efb0       0x78 ./USB_HOST/Target/usbh_conf.o
                0x000000000800efb0                USBH_LL_Init
 .text.USBH_LL_Start
                0x000000000800f028       0x36 ./USB_HOST/Target/usbh_conf.o
                0x000000000800f028                USBH_LL_Start
 .text.USBH_LL_Stop
                0x000000000800f05e       0x36 ./USB_HOST/Target/usbh_conf.o
                0x000000000800f05e                USBH_LL_Stop
 .text.USBH_LL_GetSpeed
                0x000000000800f094       0x4e ./USB_HOST/Target/usbh_conf.o
                0x000000000800f094                USBH_LL_GetSpeed
 .text.USBH_LL_ResetPort
                0x000000000800f0e2       0x36 ./USB_HOST/Target/usbh_conf.o
                0x000000000800f0e2                USBH_LL_ResetPort
 .text.USBH_LL_GetLastXferSize
                0x000000000800f118       0x26 ./USB_HOST/Target/usbh_conf.o
                0x000000000800f118                USBH_LL_GetLastXferSize
 .text.USBH_LL_OpenPipe
                0x000000000800f13e       0x5e ./USB_HOST/Target/usbh_conf.o
                0x000000000800f13e                USBH_LL_OpenPipe
 .text.USBH_LL_ClosePipe
                0x000000000800f19c       0x3e ./USB_HOST/Target/usbh_conf.o
                0x000000000800f19c                USBH_LL_ClosePipe
 .text.USBH_LL_SubmitURB
                0x000000000800f1da       0x62 ./USB_HOST/Target/usbh_conf.o
                0x000000000800f1da                USBH_LL_SubmitURB
 .text.USBH_LL_GetURBState
                0x000000000800f23c       0x26 ./USB_HOST/Target/usbh_conf.o
                0x000000000800f23c                USBH_LL_GetURBState
 .text.USBH_LL_DriverVBUS
                0x000000000800f262       0x2e ./USB_HOST/Target/usbh_conf.o
                0x000000000800f262                USBH_LL_DriverVBUS
 .text.USBH_LL_SetToggle
                0x000000000800f290       0x60 ./USB_HOST/Target/usbh_conf.o
                0x000000000800f290                USBH_LL_SetToggle
 .text.USBH_LL_GetToggle
                0x000000000800f2f0       0x60 ./USB_HOST/Target/usbh_conf.o
                0x000000000800f2f0                USBH_LL_GetToggle
 .text.USBH_Delay
                0x000000000800f350       0x16 ./USB_HOST/Target/usbh_conf.o
                0x000000000800f350                USBH_Delay
 *fill*         0x000000000800f366        0x2 
 .text.USBH_Get_USB_Status
                0x000000000800f368       0x58 ./USB_HOST/Target/usbh_conf.o
                0x000000000800f368                USBH_Get_USB_Status
 .text.MX_DriverVbusFS
                0x000000000800f3c0       0x38 ./USB_HOST/Target/usbh_platform.o
                0x000000000800f3c0                MX_DriverVbusFS
 .text.malloc   0x000000000800f3f8       0x10 C:/ST/STM32CubeIDE_1.13.2/STM32CubeIDE/plugins/com.st.stm32cube.ide.mcu.externaltools.gnu-tools-for-stm32.11.3.rel1.win32_1.1.1.202309131626/tools/bin/../lib/gcc/arm-none-eabi/11.3.1/../../../../arm-none-eabi/lib/thumb/v7e-m+fp/hard\libc_nano.a(libc_a-malloc.o)
                0x000000000800f3f8                malloc
 .text.free     0x000000000800f408       0x10 C:/ST/STM32CubeIDE_1.13.2/STM32CubeIDE/plugins/com.st.stm32cube.ide.mcu.externaltools.gnu-tools-for-stm32.11.3.rel1.win32_1.1.1.202309131626/tools/bin/../lib/gcc/arm-none-eabi/11.3.1/../../../../arm-none-eabi/lib/thumb/v7e-m+fp/hard\libc_nano.a(libc_a-malloc.o)
                0x000000000800f408                free
 .text.sbrk_aligned
                0x000000000800f418       0x40 C:/ST/STM32CubeIDE_1.13.2/STM32CubeIDE/plugins/com.st.stm32cube.ide.mcu.externaltools.gnu-tools-for-stm32.11.3.rel1.win32_1.1.1.202309131626/tools/bin/../lib/gcc/arm-none-eabi/11.3.1/../../../../arm-none-eabi/lib/thumb/v7e-m+fp/hard\libc_nano.a(libc_a-mallocr.o)
 .text._malloc_r
                0x000000000800f458      0x100 C:/ST/STM32CubeIDE_1.13.2/STM32CubeIDE/plugins/com.st.stm32cube.ide.mcu.externaltools.gnu-tools-for-stm32.11.3.rel1.win32_1.1.1.202309131626/tools/bin/../lib/gcc/arm-none-eabi/11.3.1/../../../../arm-none-eabi/lib/thumb/v7e-m+fp/hard\libc_nano.a(libc_a-mallocr.o)
                0x000000000800f458                _malloc_r
 .text.__malloc_lock
                0x000000000800f558        0xc C:/ST/STM32CubeIDE_1.13.2/STM32CubeIDE/plugins/com.st.stm32cube.ide.mcu.externaltools.gnu-tools-for-stm32.11.3.rel1.win32_1.1.1.202309131626/tools/bin/../lib/gcc/arm-none-eabi/11.3.1/../../../../arm-none-eabi/lib/thumb/v7e-m+fp/hard\libc_nano.a(libc_a-mlock.o)
                0x000000000800f558                __malloc_lock
 .text.__malloc_unlock
                0x000000000800f564        0xc C:/ST/STM32CubeIDE_1.13.2/STM32CubeIDE/plugins/com.st.stm32cube.ide.mcu.externaltools.gnu-tools-for-stm32.11.3.rel1.win32_1.1.1.202309131626/tools/bin/../lib/gcc/arm-none-eabi/11.3.1/../../../../arm-none-eabi/lib/thumb/v7e-m+fp/hard\libc_nano.a(libc_a-mlock.o)
                0x000000000800f564                __malloc_unlock
 .text.memset   0x000000000800f570       0x10 C:/ST/STM32CubeIDE_1.13.2/STM32CubeIDE/plugins/com.st.stm32cube.ide.mcu.externaltools.gnu-tools-for-stm32.11.3.rel1.win32_1.1.1.202309131626/tools/bin/../lib/gcc/arm-none-eabi/11.3.1/../../../../arm-none-eabi/lib/thumb/v7e-m+fp/hard\libc_nano.a(libc_a-memset.o)
                0x000000000800f570                memset
 .text.strncpy  0x000000000800f580       0x26 C:/ST/STM32CubeIDE_1.13.2/STM32CubeIDE/plugins/com.st.stm32cube.ide.mcu.externaltools.gnu-tools-for-stm32.11.3.rel1.win32_1.1.1.202309131626/tools/bin/../lib/gcc/arm-none-eabi/11.3.1/../../../../arm-none-eabi/lib/thumb/v7e-m+fp/hard\libc_nano.a(libc_a-strncpy.o)
                0x000000000800f580                strncpy
 .text.strstr   0x000000000800f5a6       0x2c C:/ST/STM32CubeIDE_1.13.2/STM32CubeIDE/plugins/com.st.stm32cube.ide.mcu.externaltools.gnu-tools-for-stm32.11.3.rel1.win32_1.1.1.202309131626/tools/bin/../lib/gcc/arm-none-eabi/11.3.1/../../../../arm-none-eabi/lib/thumb/v7e-m+fp/hard\libc_nano.a(libc_a-strstr.o)
                0x000000000800f5a6                strstr
 *fill*         0x000000000800f5d2        0x2 
 .text._sbrk_r  0x000000000800f5d4       0x20 C:/ST/STM32CubeIDE_1.13.2/STM32CubeIDE/plugins/com.st.stm32cube.ide.mcu.externaltools.gnu-tools-for-stm32.11.3.rel1.win32_1.1.1.202309131626/tools/bin/../lib/gcc/arm-none-eabi/11.3.1/../../../../arm-none-eabi/lib/thumb/v7e-m+fp/hard\libc_nano.a(libc_a-sbrkr.o)
                0x000000000800f5d4                _sbrk_r
 .text.__errno  0x000000000800f5f4        0xc C:/ST/STM32CubeIDE_1.13.2/STM32CubeIDE/plugins/com.st.stm32cube.ide.mcu.externaltools.gnu-tools-for-stm32.11.3.rel1.win32_1.1.1.202309131626/tools/bin/../lib/gcc/arm-none-eabi/11.3.1/../../../../arm-none-eabi/lib/thumb/v7e-m+fp/hard\libc_nano.a(libc_a-errno.o)
                0x000000000800f5f4                __errno
 .text.__libc_init_array
                0x000000000800f600       0x48 C:/ST/STM32CubeIDE_1.13.2/STM32CubeIDE/plugins/com.st.stm32cube.ide.mcu.externaltools.gnu-tools-for-stm32.11.3.rel1.win32_1.1.1.202309131626/tools/bin/../lib/gcc/arm-none-eabi/11.3.1/../../../../arm-none-eabi/lib/thumb/v7e-m+fp/hard\libc_nano.a(libc_a-init.o)
                0x000000000800f600                __libc_init_array
 .text.__retarget_lock_acquire_recursive
                0x000000000800f648        0x2 C:/ST/STM32CubeIDE_1.13.2/STM32CubeIDE/plugins/com.st.stm32cube.ide.mcu.externaltools.gnu-tools-for-stm32.11.3.rel1.win32_1.1.1.202309131626/tools/bin/../lib/gcc/arm-none-eabi/11.3.1/../../../../arm-none-eabi/lib/thumb/v7e-m+fp/hard\libc_nano.a(libc_a-lock.o)
                0x000000000800f648                __retarget_lock_acquire_recursive
 .text.__retarget_lock_release_recursive
                0x000000000800f64a        0x2 C:/ST/STM32CubeIDE_1.13.2/STM32CubeIDE/plugins/com.st.stm32cube.ide.mcu.externaltools.gnu-tools-for-stm32.11.3.rel1.win32_1.1.1.202309131626/tools/bin/../lib/gcc/arm-none-eabi/11.3.1/../../../../arm-none-eabi/lib/thumb/v7e-m+fp/hard\libc_nano.a(libc_a-lock.o)
                0x000000000800f64a                __retarget_lock_release_recursive
 .text.memcpy   0x000000000800f64c       0x1c C:/ST/STM32CubeIDE_1.13.2/STM32CubeIDE/plugins/com.st.stm32cube.ide.mcu.externaltools.gnu-tools-for-stm32.11.3.rel1.win32_1.1.1.202309131626/tools/bin/../lib/gcc/arm-none-eabi/11.3.1/../../../../arm-none-eabi/lib/thumb/v7e-m+fp/hard\libc_nano.a(libc_a-memcpy-stub.o)
                0x000000000800f64c                memcpy
 .text._free_r  0x000000000800f668       0x98 C:/ST/STM32CubeIDE_1.13.2/STM32CubeIDE/plugins/com.st.stm32cube.ide.mcu.externaltools.gnu-tools-for-stm32.11.3.rel1.win32_1.1.1.202309131626/tools/bin/../lib/gcc/arm-none-eabi/11.3.1/../../../../arm-none-eabi/lib/thumb/v7e-m+fp/hard\libc_nano.a(libc_a-freer.o)
                0x000000000800f668                _free_r
 *(.glue_7)
 .glue_7        0x000000000800f700        0x0 linker stubs
 *(.glue_7t)
 .glue_7t       0x000000000800f700        0x0 linker stubs
 *(.eh_frame)
 .eh_frame      0x000000000800f700        0x0 C:/ST/STM32CubeIDE_1.13.2/STM32CubeIDE/plugins/com.st.stm32cube.ide.mcu.externaltools.gnu-tools-for-stm32.11.3.rel1.win32_1.1.1.202309131626/tools/bin/../lib/gcc/arm-none-eabi/11.3.1/thumb/v7e-m+fp/hard/crtbegin.o
 *(.init)
 .init          0x000000000800f700        0x4 C:/ST/STM32CubeIDE_1.13.2/STM32CubeIDE/plugins/com.st.stm32cube.ide.mcu.externaltools.gnu-tools-for-stm32.11.3.rel1.win32_1.1.1.202309131626/tools/bin/../lib/gcc/arm-none-eabi/11.3.1/thumb/v7e-m+fp/hard/crti.o
                0x000000000800f700                _init
 .init          0x000000000800f704        0x8 C:/ST/STM32CubeIDE_1.13.2/STM32CubeIDE/plugins/com.st.stm32cube.ide.mcu.externaltools.gnu-tools-for-stm32.11.3.rel1.win32_1.1.1.202309131626/tools/bin/../lib/gcc/arm-none-eabi/11.3.1/thumb/v7e-m+fp/hard/crtn.o
 *(.fini)
 .fini          0x000000000800f70c        0x4 C:/ST/STM32CubeIDE_1.13.2/STM32CubeIDE/plugins/com.st.stm32cube.ide.mcu.externaltools.gnu-tools-for-stm32.11.3.rel1.win32_1.1.1.202309131626/tools/bin/../lib/gcc/arm-none-eabi/11.3.1/thumb/v7e-m+fp/hard/crti.o
                0x000000000800f70c                _fini
 .fini          0x000000000800f710        0x8 C:/ST/STM32CubeIDE_1.13.2/STM32CubeIDE/plugins/com.st.stm32cube.ide.mcu.externaltools.gnu-tools-for-stm32.11.3.rel1.win32_1.1.1.202309131626/tools/bin/../lib/gcc/arm-none-eabi/11.3.1/thumb/v7e-m+fp/hard/crtn.o
                0x000000000800f718                . = ALIGN (0x4)
                0x000000000800f718                _etext = .

.vfp11_veneer   0x000000000800f718        0x0
 .vfp11_veneer  0x000000000800f718        0x0 linker stubs

.v4_bx          0x000000000800f718        0x0
 .v4_bx         0x000000000800f718        0x0 linker stubs

.iplt           0x000000000800f718        0x0
 .iplt          0x000000000800f718        0x0 C:/ST/STM32CubeIDE_1.13.2/STM32CubeIDE/plugins/com.st.stm32cube.ide.mcu.externaltools.gnu-tools-for-stm32.11.3.rel1.win32_1.1.1.202309131626/tools/bin/../lib/gcc/arm-none-eabi/11.3.1/thumb/v7e-m+fp/hard/crtbegin.o

.rodata         0x000000000800f718      0x528
                0x000000000800f718                . = ALIGN (0x4)
 *(.rodata)
 .rodata        0x000000000800f718        0x8 ./Core/Src/File_Handling.o
 .rodata        0x000000000800f720        0x4 ./Middlewares/ST/STM32_USB_Host_Library/Class/MSC/Src/usbh_msc.o
 .rodata        0x000000000800f724       0x48 ./Middlewares/Third_Party/FatFs/src/ff.o
 *(.rodata*)
 .rodata.I2SFreq
                0x000000000800f76c       0x20 ./Core/Src/AUDIO.o
                0x000000000800f76c                I2SFreq
 .rodata.I2SPLLN
                0x000000000800f78c       0x20 ./Core/Src/AUDIO.o
                0x000000000800f78c                I2SPLLN
 .rodata.I2SPLLR
                0x000000000800f7ac       0x20 ./Core/Src/AUDIO.o
                0x000000000800f7ac                I2SPLLR
 .rodata.AHBPrescTable
                0x000000000800f7cc       0x10 ./Core/Src/system_stm32f4xx.o
                0x000000000800f7cc                AHBPrescTable
 .rodata.APBPrescTable
                0x000000000800f7dc        0x8 ./Core/Src/system_stm32f4xx.o
                0x000000000800f7dc                APBPrescTable
 .rodata.flagBitshiftOffset.0
                0x000000000800f7e4        0x8 ./Drivers/STM32F4xx_HAL_Driver/Src/stm32f4xx_hal_dma.o
 .rodata.USBH_Driver
                0x000000000800f7ec       0x14 ./FATFS/Target/usbh_diskio.o
                0x000000000800f7ec                USBH_Driver
 .rodata.ExCvt  0x000000000800f800       0x80 ./Middlewares/Third_Party/FatFs/src/ff.o
 .rodata.LfnOfs
                0x000000000800f880        0xd ./Middlewares/Third_Party/FatFs/src/ff.o
 *fill*         0x000000000800f88d        0x3 
 .rodata.Tbl    0x000000000800f890      0x100 ./Middlewares/Third_Party/FatFs/src/option/ccsbcs.o
 .rodata.cvt1.1
                0x000000000800f990      0x1f2 ./Middlewares/Third_Party/FatFs/src/option/ccsbcs.o
 *fill*         0x000000000800fb82        0x2 
 .rodata.cvt2.0
                0x000000000800fb84       0xbc ./Middlewares/Third_Party/FatFs/src/option/ccsbcs.o
                0x000000000800fc40                . = ALIGN (0x4)

.ARM.extab      0x000000000800fc40        0x0
                0x000000000800fc40                . = ALIGN (0x4)
 *(.ARM.extab* .gnu.linkonce.armextab.*)
                0x000000000800fc40                . = ALIGN (0x4)

.ARM            0x000000000800fc40        0x8
                0x000000000800fc40                . = ALIGN (0x4)
                0x000000000800fc40                __exidx_start = .
 *(.ARM.exidx*)
 .ARM.exidx     0x000000000800fc40        0x8 C:/ST/STM32CubeIDE_1.13.2/STM32CubeIDE/plugins/com.st.stm32cube.ide.mcu.externaltools.gnu-tools-for-stm32.11.3.rel1.win32_1.1.1.202309131626/tools/bin/../lib/gcc/arm-none-eabi/11.3.1/thumb/v7e-m+fp/hard\libgcc.a(_udivmoddi4.o)
                0x000000000800fc48                __exidx_end = .
                0x000000000800fc48                . = ALIGN (0x4)

.rel.dyn        0x000000000800fc48        0x0
 .rel.iplt      0x000000000800fc48        0x0 C:/ST/STM32CubeIDE_1.13.2/STM32CubeIDE/plugins/com.st.stm32cube.ide.mcu.externaltools.gnu-tools-for-stm32.11.3.rel1.win32_1.1.1.202309131626/tools/bin/../lib/gcc/arm-none-eabi/11.3.1/thumb/v7e-m+fp/hard/crtbegin.o

.preinit_array  0x000000000800fc48        0x0
                0x000000000800fc48                . = ALIGN (0x4)
                0x000000000800fc48                PROVIDE (__preinit_array_start = .)
 *(.preinit_array*)
                0x000000000800fc48                PROVIDE (__preinit_array_end = .)
                0x000000000800fc48                . = ALIGN (0x4)

.init_array     0x000000000800fc48        0x4
                0x000000000800fc48                . = ALIGN (0x4)
                0x000000000800fc48                PROVIDE (__init_array_start = .)
 *(SORT_BY_NAME(.init_array.*))
 *(.init_array*)
 .init_array    0x000000000800fc48        0x4 C:/ST/STM32CubeIDE_1.13.2/STM32CubeIDE/plugins/com.st.stm32cube.ide.mcu.externaltools.gnu-tools-for-stm32.11.3.rel1.win32_1.1.1.202309131626/tools/bin/../lib/gcc/arm-none-eabi/11.3.1/thumb/v7e-m+fp/hard/crtbegin.o
                0x000000000800fc4c                PROVIDE (__init_array_end = .)
                0x000000000800fc4c                . = ALIGN (0x4)

.fini_array     0x000000000800fc4c        0x4
                0x000000000800fc4c                . = ALIGN (0x4)
                [!provide]                        PROVIDE (__fini_array_start = .)
 *(SORT_BY_NAME(.fini_array.*))
 *(.fini_array*)
 .fini_array    0x000000000800fc4c        0x4 C:/ST/STM32CubeIDE_1.13.2/STM32CubeIDE/plugins/com.st.stm32cube.ide.mcu.externaltools.gnu-tools-for-stm32.11.3.rel1.win32_1.1.1.202309131626/tools/bin/../lib/gcc/arm-none-eabi/11.3.1/thumb/v7e-m+fp/hard/crtbegin.o
                [!provide]                        PROVIDE (__fini_array_end = .)
                0x000000000800fc50                . = ALIGN (0x4)
                0x000000000800fc50                _sidata = LOADADDR (.data)

.data           0x0000000020000000       0xb8 load address 0x000000000800fc50
                0x0000000020000000                . = ALIGN (0x4)
                0x0000000020000000                _sdata = .
 *(.data)
 *(.data*)
 .data.I2cxTimeout
                0x0000000020000000        0x4 ./Core/Src/AUDIO_LINK.o
                0x0000000020000000                I2cxTimeout
 .data.cs43l22_drv
                0x0000000020000004       0x30 ./Core/Src/cs43l22.o
                0x0000000020000004                cs43l22_drv
 .data.Is_cs43l22_Stop
                0x0000000020000034        0x1 ./Core/Src/cs43l22.o
 *fill*         0x0000000020000035        0x3 
 .data.SystemCoreClock
                0x0000000020000038        0x4 ./Core/Src/system_stm32f4xx.o
                0x0000000020000038                SystemCoreClock
 .data.uwVolume
                0x000000002000003c        0x4 ./Core/Src/waveplayer.o
 .data.uwTickPrio
                0x0000000020000040        0x4 ./Drivers/STM32F4xx_HAL_Driver/Src/stm32f4xx_hal.o
                0x0000000020000040                uwTickPrio
 .data.uwTickFreq
                0x0000000020000044        0x1 ./Drivers/STM32F4xx_HAL_Driver/Src/stm32f4xx_hal.o
                0x0000000020000044                uwTickFreq
 *fill*         0x0000000020000045        0x3 
 .data.USBH_msc
                0x0000000020000048       0x20 ./Middlewares/ST/STM32_USB_Host_Library/Class/MSC/Src/usbh_msc.o
                0x0000000020000048                USBH_msc
 .data._impure_data
                0x0000000020000068       0x4c C:/ST/STM32CubeIDE_1.13.2/STM32CubeIDE/plugins/com.st.stm32cube.ide.mcu.externaltools.gnu-tools-for-stm32.11.3.rel1.win32_1.1.1.202309131626/tools/bin/../lib/gcc/arm-none-eabi/11.3.1/../../../../arm-none-eabi/lib/thumb/v7e-m+fp/hard\libc_nano.a(libc_a-impure.o)
                0x0000000020000068                _impure_data
 .data._impure_ptr
                0x00000000200000b4        0x4 C:/ST/STM32CubeIDE_1.13.2/STM32CubeIDE/plugins/com.st.stm32cube.ide.mcu.externaltools.gnu-tools-for-stm32.11.3.rel1.win32_1.1.1.202309131626/tools/bin/../lib/gcc/arm-none-eabi/11.3.1/../../../../arm-none-eabi/lib/thumb/v7e-m+fp/hard\libc_nano.a(libc_a-impure.o)
                0x00000000200000b4                _impure_ptr
 *(.RamFunc)
 *(.RamFunc*)
                0x00000000200000b8                . = ALIGN (0x4)
                0x00000000200000b8                _edata = .

.igot.plt       0x00000000200000b8        0x0 load address 0x000000000800fd08
 .igot.plt      0x00000000200000b8        0x0 C:/ST/STM32CubeIDE_1.13.2/STM32CubeIDE/plugins/com.st.stm32cube.ide.mcu.externaltools.gnu-tools-for-stm32.11.3.rel1.win32_1.1.1.202309131626/tools/bin/../lib/gcc/arm-none-eabi/11.3.1/thumb/v7e-m+fp/hard/crtbegin.o
                0x00000000200000b8                . = ALIGN (0x4)

.bss            0x00000000200000b8     0x2508 load address 0x000000000800fd08
                0x00000000200000b8                _sbss = .
                0x00000000200000b8                __bss_start__ = _sbss
 *(.bss)
 .bss           0x00000000200000b8       0x1c C:/ST/STM32CubeIDE_1.13.2/STM32CubeIDE/plugins/com.st.stm32cube.ide.mcu.externaltools.gnu-tools-for-stm32.11.3.rel1.win32_1.1.1.202309131626/tools/bin/../lib/gcc/arm-none-eabi/11.3.1/thumb/v7e-m+fp/hard/crtbegin.o
 *(.bss*)
 .bss.pAudioDrv
                0x00000000200000d4        0x4 ./Core/Src/AUDIO.o
 .bss.hAudioOutI2s
                0x00000000200000d8       0x48 ./Core/Src/AUDIO.o
                0x00000000200000d8                hAudioOutI2s
 .bss.hdma_i2sTx.0
                0x0000000020000120       0x60 ./Core/Src/AUDIO.o
 .bss.I2cHandle
                0x0000000020000180       0x54 ./Core/Src/AUDIO_LINK.o
 .bss.fresult   0x00000000200001d4        0x1 ./Core/Src/File_Handling.o
                0x00000000200001d4                fresult
 *fill*         0x00000000200001d5        0x1 
 .bss.NumObs    0x00000000200001d6        0x2 ./Core/Src/File_Handling.o
                0x00000000200001d6                NumObs
 .bss.OutputDev
                0x00000000200001d8        0x1 ./Core/Src/cs43l22.o
                0x00000000200001d8                OutputDev
 *fill*         0x00000000200001d9        0x3 
 .bss.hi2c1     0x00000000200001dc       0x54 ./Core/Src/main.o
                0x00000000200001dc                hi2c1
 .bss.hi2s3     0x0000000020000230       0x48 ./Core/Src/main.o
                0x0000000020000230                hi2s3
 .bss.hdma_spi3_tx
                0x0000000020000278       0x60 ./Core/Src/main.o
                0x0000000020000278                hdma_spi3_tx
 .bss.IsFinished
                0x00000000200002d8        0x4 ./Core/Src/main.o
                0x00000000200002d8                IsFinished
 .bss.__sbrk_heap_end
                0x00000000200002dc        0x4 ./Core/Src/sysmem.o
 .bss.BufferCtl
                0x00000000200002e0     0x1008 ./Core/Src/waveplayer.o
 .bss.AudioState
                0x00000000200012e8        0x1 ./Core/Src/waveplayer.o
                0x00000000200012e8                AudioState
 *fill*         0x00000000200012e9        0x1 
 .bss.FilePos   0x00000000200012ea        0x2 ./Core/Src/waveplayer.o
 .bss.FileList  0x00000000200012ec      0x3da ./Core/Src/waveplayer.o
                0x00000000200012ec                FileList
 *fill*         0x00000000200016c6        0x2 
 .bss.WaveFormat
                0x00000000200016c8       0x2c ./Core/Src/waveplayer.o
                0x00000000200016c8                WaveFormat
 .bss.WavFile   0x00000000200016f4      0x230 ./Core/Src/waveplayer.o
                0x00000000200016f4                WavFile
 .bss.uwTick    0x0000000020001924        0x4 ./Drivers/STM32F4xx_HAL_Driver/Src/stm32f4xx_hal.o
                0x0000000020001924                uwTick
 .bss.retUSBH   0x0000000020001928        0x1 ./FATFS/App/fatfs.o
                0x0000000020001928                retUSBH
 *fill*         0x0000000020001929        0x3 
 .bss.USBHPath  0x000000002000192c        0x4 ./FATFS/App/fatfs.o
                0x000000002000192c                USBHPath
 .bss.USBHFatFS
                0x0000000020001930      0x234 ./FATFS/App/fatfs.o
                0x0000000020001930                USBHFatFS
 .bss.FatFs     0x0000000020001b64        0x4 ./Middlewares/Third_Party/FatFs/src/ff.o
 .bss.Fsid      0x0000000020001b68        0x2 ./Middlewares/Third_Party/FatFs/src/ff.o
 *fill*         0x0000000020001b6a        0x2 
 .bss.Files     0x0000000020001b6c       0x20 ./Middlewares/Third_Party/FatFs/src/ff.o
 .bss.LfnBuf    0x0000000020001b8c      0x200 ./Middlewares/Third_Party/FatFs/src/ff.o
 .bss.disk      0x0000000020001d8c        0xc ./Middlewares/Third_Party/FatFs/src/ff_gen_drv.o
                0x0000000020001d8c                disk
 .bss.hUsbHostFS
                0x0000000020001d98      0x3d8 ./USB_HOST/App/usb_host.o
                0x0000000020001d98                hUsbHostFS
 .bss.Appli_state
                0x0000000020002170        0x1 ./USB_HOST/App/usb_host.o
                0x0000000020002170                Appli_state
 *fill*         0x0000000020002171        0x3 
 .bss.hhcd_USB_OTG_FS
                0x0000000020002174      0x304 ./USB_HOST/Target/usbh_conf.o
                0x0000000020002174                hhcd_USB_OTG_FS
 .bss.__malloc_free_list
                0x0000000020002478        0x4 C:/ST/STM32CubeIDE_1.13.2/STM32CubeIDE/plugins/com.st.stm32cube.ide.mcu.externaltools.gnu-tools-for-stm32.11.3.rel1.win32_1.1.1.202309131626/tools/bin/../lib/gcc/arm-none-eabi/11.3.1/../../../../arm-none-eabi/lib/thumb/v7e-m+fp/hard\libc_nano.a(libc_a-mallocr.o)
                0x0000000020002478                __malloc_free_list
 .bss.__malloc_sbrk_start
                0x000000002000247c        0x4 C:/ST/STM32CubeIDE_1.13.2/STM32CubeIDE/plugins/com.st.stm32cube.ide.mcu.externaltools.gnu-tools-for-stm32.11.3.rel1.win32_1.1.1.202309131626/tools/bin/../lib/gcc/arm-none-eabi/11.3.1/../../../../arm-none-eabi/lib/thumb/v7e-m+fp/hard\libc_nano.a(libc_a-mallocr.o)
                0x000000002000247c                __malloc_sbrk_start
 .bss.__sf      0x0000000020002480      0x138 C:/ST/STM32CubeIDE_1.13.2/STM32CubeIDE/plugins/com.st.stm32cube.ide.mcu.externaltools.gnu-tools-for-stm32.11.3.rel1.win32_1.1.1.202309131626/tools/bin/../lib/gcc/arm-none-eabi/11.3.1/../../../../arm-none-eabi/lib/thumb/v7e-m+fp/hard\libc_nano.a(libc_a-findfp.o)
                0x0000000020002480                __sf
 .bss.errno     0x00000000200025b8        0x4 C:/ST/STM32CubeIDE_1.13.2/STM32CubeIDE/plugins/com.st.stm32cube.ide.mcu.externaltools.gnu-tools-for-stm32.11.3.rel1.win32_1.1.1.202309131626/tools/bin/../lib/gcc/arm-none-eabi/11.3.1/../../../../arm-none-eabi/lib/thumb/v7e-m+fp/hard\libc_nano.a(libc_a-reent.o)
                0x00000000200025b8                errno
 .bss.__lock___malloc_recursive_mutex
                0x00000000200025bc        0x1 C:/ST/STM32CubeIDE_1.13.2/STM32CubeIDE/plugins/com.st.stm32cube.ide.mcu.externaltools.gnu-tools-for-stm32.11.3.rel1.win32_1.1.1.202309131626/tools/bin/../lib/gcc/arm-none-eabi/11.3.1/../../../../arm-none-eabi/lib/thumb/v7e-m+fp/hard\libc_nano.a(libc_a-lock.o)
                0x00000000200025bc                __lock___malloc_recursive_mutex
 *(COMMON)
                0x00000000200025c0                . = ALIGN (0x4)
 *fill*         0x00000000200025bd        0x3 
                0x00000000200025c0                _ebss = .
                0x00000000200025c0                __bss_end__ = _ebss

._user_heap_stack
                0x00000000200025c0      0x600 load address 0x000000000800fd08
                0x00000000200025c0                . = ALIGN (0x8)
                [!provide]                        PROVIDE (end = .)
                0x00000000200025c0                PROVIDE (_end = .)
                0x00000000200027c0                . = (. + _Min_Heap_Size)
 *fill*         0x00000000200025c0      0x200 
                0x0000000020002bc0                . = (. + _Min_Stack_Size)
 *fill*         0x00000000200027c0      0x400 
                0x0000000020002bc0                . = ALIGN (0x8)

/DISCARD/
 libc.a(*)
 libm.a(*)
 libgcc.a(*)

.ARM.attributes
                0x0000000000000000       0x30
 *(.ARM.attributes)
 .ARM.attributes
                0x0000000000000000       0x1e C:/ST/STM32CubeIDE_1.13.2/STM32CubeIDE/plugins/com.st.stm32cube.ide.mcu.externaltools.gnu-tools-for-stm32.11.3.rel1.win32_1.1.1.202309131626/tools/bin/../lib/gcc/arm-none-eabi/11.3.1/thumb/v7e-m+fp/hard/crti.o
 .ARM.attributes
                0x000000000000001e       0x34 C:/ST/STM32CubeIDE_1.13.2/STM32CubeIDE/plugins/com.st.stm32cube.ide.mcu.externaltools.gnu-tools-for-stm32.11.3.rel1.win32_1.1.1.202309131626/tools/bin/../lib/gcc/arm-none-eabi/11.3.1/thumb/v7e-m+fp/hard/crtbegin.o
 .ARM.attributes
                0x0000000000000052       0x34 ./Core/Src/AUDIO.o
 .ARM.attributes
                0x0000000000000086       0x34 ./Core/Src/AUDIO_LINK.o
 .ARM.attributes
                0x00000000000000ba       0x34 ./Core/Src/File_Handling.o
 .ARM.attributes
                0x00000000000000ee       0x34 ./Core/Src/cs43l22.o
 .ARM.attributes
                0x0000000000000122       0x34 ./Core/Src/main.o
 .ARM.attributes
                0x0000000000000156       0x34 ./Core/Src/stm32f4xx_hal_msp.o
 .ARM.attributes
                0x000000000000018a       0x34 ./Core/Src/stm32f4xx_it.o
 .ARM.attributes
                0x00000000000001be       0x34 ./Core/Src/sysmem.o
 .ARM.attributes
                0x00000000000001f2       0x34 ./Core/Src/system_stm32f4xx.o
 .ARM.attributes
                0x0000000000000226       0x34 ./Core/Src/waveplayer.o
 .ARM.attributes
                0x000000000000025a       0x21 ./Core/Startup/startup_stm32f411vetx.o
 .ARM.attributes
                0x000000000000027b       0x34 ./Drivers/STM32F4xx_HAL_Driver/Src/stm32f4xx_hal.o
 .ARM.attributes
                0x00000000000002af       0x34 ./Drivers/STM32F4xx_HAL_Driver/Src/stm32f4xx_hal_cortex.o
 .ARM.attributes
                0x00000000000002e3       0x34 ./Drivers/STM32F4xx_HAL_Driver/Src/stm32f4xx_hal_dma.o
 .ARM.attributes
                0x0000000000000317       0x34 ./Drivers/STM32F4xx_HAL_Driver/Src/stm32f4xx_hal_gpio.o
 .ARM.attributes
                0x000000000000034b       0x34 ./Drivers/STM32F4xx_HAL_Driver/Src/stm32f4xx_hal_hcd.o
 .ARM.attributes
                0x000000000000037f       0x34 ./Drivers/STM32F4xx_HAL_Driver/Src/stm32f4xx_hal_i2c.o
 .ARM.attributes
                0x00000000000003b3       0x34 ./Drivers/STM32F4xx_HAL_Driver/Src/stm32f4xx_hal_i2s.o
 .ARM.attributes
                0x00000000000003e7       0x34 ./Drivers/STM32F4xx_HAL_Driver/Src/stm32f4xx_hal_i2s_ex.o
 .ARM.attributes
                0x000000000000041b       0x34 ./Drivers/STM32F4xx_HAL_Driver/Src/stm32f4xx_hal_rcc.o
 .ARM.attributes
                0x000000000000044f       0x34 ./Drivers/STM32F4xx_HAL_Driver/Src/stm32f4xx_hal_rcc_ex.o
 .ARM.attributes
                0x0000000000000483       0x34 ./Drivers/STM32F4xx_HAL_Driver/Src/stm32f4xx_ll_usb.o
 .ARM.attributes
                0x00000000000004b7       0x34 ./FATFS/App/fatfs.o
 .ARM.attributes
                0x00000000000004eb       0x34 ./FATFS/Target/usbh_diskio.o
 .ARM.attributes
                0x000000000000051f       0x34 ./Middlewares/ST/STM32_USB_Host_Library/Class/MSC/Src/usbh_msc.o
 .ARM.attributes
                0x0000000000000553       0x34 ./Middlewares/ST/STM32_USB_Host_Library/Class/MSC/Src/usbh_msc_bot.o
 .ARM.attributes
                0x0000000000000587       0x34 ./Middlewares/ST/STM32_USB_Host_Library/Class/MSC/Src/usbh_msc_scsi.o
 .ARM.attributes
                0x00000000000005bb       0x34 ./Middlewares/ST/STM32_USB_Host_Library/Core/Src/usbh_core.o
 .ARM.attributes
                0x00000000000005ef       0x34 ./Middlewares/ST/STM32_USB_Host_Library/Core/Src/usbh_ctlreq.o
 .ARM.attributes
                0x0000000000000623       0x34 ./Middlewares/ST/STM32_USB_Host_Library/Core/Src/usbh_ioreq.o
 .ARM.attributes
                0x0000000000000657       0x34 ./Middlewares/ST/STM32_USB_Host_Library/Core/Src/usbh_pipes.o
 .ARM.attributes
                0x000000000000068b       0x34 ./Middlewares/Third_Party/FatFs/src/diskio.o
 .ARM.attributes
                0x00000000000006bf       0x34 ./Middlewares/Third_Party/FatFs/src/ff.o
 .ARM.attributes
                0x00000000000006f3       0x34 ./Middlewares/Third_Party/FatFs/src/ff_gen_drv.o
 .ARM.attributes
                0x0000000000000727       0x34 ./Middlewares/Third_Party/FatFs/src/option/ccsbcs.o
 .ARM.attributes